# Замер базовой версии e2f55bb — до всей работы над производительностью
# Машина: Intel Xeon 2.80GHz, 4 ядра. Замер тот же, что у текущей версии:
# лучшее из нескольких серий (см. раздел README о методике).
# Дата: 2026-09-16

=== nano ===
пресет nano: vocab=1024 d_model=128 layers=4 heads=4/2 head_dim=32 ffn=352 ctx=64 norm=rms/pre pos=rope ffn_kind=swiglu tied params=869504
батч 16 x 64 = 1024 токенов на шаг
только прямой проход: 0.155 с
шаг обучения (вперёд + назад): 0.537 с
пропускная способность: 1905 токенов/с
2000 шагов заняли бы 17.9 мин
эффективно 9.9 GFLOPS (пик умножения матриц — ./bench_gemm)

=== tiny ===
пресет tiny: vocab=4096 d_model=256 layers=4 heads=8/2 head_dim=32 ffn=704 ctx=128 norm=rms/pre pos=rope ffn_kind=swiglu tied params=3868928
батч 16 x 128 = 2048 токенов на шаг
только прямой проход: 1.154 с
шаг обучения (вперёд + назад): 3.658 с
пропускная способность: 560 токенов/с
2000 шагов заняли бы 121.9 мин
эффективно 13.0 GFLOPS (пик умножения матриц — ./bench_gemm)

=== small ===
пресет small: vocab=8192 d_model=384 layers=6 heads=6/2 head_dim=64 ffn=1024 ctx=256 norm=rms/pre pos=rope ffn_kind=swiglu tied params=12587904
батч 8 x 256 = 2048 токенов на шаг
только прямой проход: 3.442 с
шаг обучения (вперёд + назад): 10.656 с
пропускная способность: 192 токенов/с
2000 шагов заняли бы 355.2 мин
эффективно 14.5 GFLOPS (пик умножения матриц — ./bench_gemm)
