# Замер производительности на текущей версии
# Машина: Intel Xeon 2.80GHz, 4 ядра, avx2 fma avx512f avx512bw avx512vl, 15 ГБ
# Дата: 2026-09-15

процессор: avx2 fma avx512f avx512bw avx512vl , ядер 4

микроядра на одном потоке, квадрат 512
микроядро     GFLOPS доступно
----------------------------------------
скалярное 4x32       16.4       да
AVX2 6x16                44.7       да
AVX-512 8x32             72.3       да

выбрано автоматически: AVX-512 8x32


масштабируемость по потокам (GFLOPS)
задача                  1        2        3        4  ускор.
-------------------------------------------------------------------
квадрат 64          50.5     49.7     49.7     49.9     0.99x
квадрат 128         63.7    107.8    132.3    175.1     2.75x
квадрат 256         74.7    121.9    190.9    240.6     3.22x
квадрат 512         75.2    128.6    194.5    248.9     3.31x
квадрат 1024        56.7    122.5    170.3    235.7     4.16x
nano: qkv                  64.1    108.4    177.6    242.5     3.78x
nano: голова         64.7    126.1    187.2    240.1     3.71x
tiny: голова         54.2    101.7    170.4    214.8     3.96x

потоков по умолчанию: 4

задача                m      n      k  блочный  наивный  ускор.
-----------------------------------------------------------------------------
квадрат 64          64     64     64      50.37       2.16     23.3x
квадрат 128        128    128    128     167.98       1.82     92.5x
квадрат 256        256    256    256     235.40       1.71    137.4x
квадрат 512        512    512    512     249.94       1.37    182.5x
квадрат 1024      1024   1024   1024     248.11          -         -

nano: qkv                1024    128    128     222.18       1.82    121.8x
nano: ffn вверх     1024    352    128     220.78       1.84    119.7x
nano: ffn вниз       1024    128    352     235.07       1.68    140.3x
nano: голова       1024   1024    128     239.79          -         -
tiny: qkv                2048    256    256     273.52          -         -
tiny: ffn вверх     2048    704    256     280.86          -         -
tiny: голова       2048   4096    256     224.27          -         -

--- nano, LLM_THREADS=1 ---
процессор: avx2 fma avx512f avx512bw avx512vl , ядер 4, потоков в работе 1
пресет nano: vocab=1024 d_model=128 layers=4 heads=4/2 head_dim=32 ffn=352 ctx=64 norm=rms/pre pos=rope ffn_kind=swiglu tied params=869504
батч 16 x 64 = 1024 токенов на шаг
только прямой проход: 0.077 с
шаг обучения (вперёд + назад): 0.258 с
пропускная способность: 3970 токенов/с
2000 шагов заняли бы 8.6 мин
эффективно 20.7 GFLOPS (пик умножения матриц — ./bench_gemm)

--- nano, LLM_THREADS=2 ---
процессор: avx2 fma avx512f avx512bw avx512vl , ядер 4, потоков в работе 2
пресет nano: vocab=1024 d_model=128 layers=4 heads=4/2 head_dim=32 ffn=352 ctx=64 norm=rms/pre pos=rope ffn_kind=swiglu tied params=869504
батч 16 x 64 = 1024 токенов на шаг
только прямой проход: 0.045 с
шаг обучения (вперёд + назад): 0.161 с
пропускная способность: 6371 токенов/с
2000 шагов заняли бы 5.4 мин
эффективно 33.2 GFLOPS (пик умножения матриц — ./bench_gemm)

--- nano, LLM_THREADS=4 ---
процессор: avx2 fma avx512f avx512bw avx512vl , ядер 4, потоков в работе 4
пресет nano: vocab=1024 d_model=128 layers=4 heads=4/2 head_dim=32 ffn=352 ctx=64 norm=rms/pre pos=rope ffn_kind=swiglu tied params=869504
батч 16 x 64 = 1024 токенов на шаг
только прямой проход: 0.026 с
шаг обучения (вперёд + назад): 0.115 с
пропускная способность: 8930 токенов/с
2000 шагов заняли бы 3.8 мин
эффективно 46.6 GFLOPS (пик умножения матриц — ./bench_gemm)

--- tiny, LLM_THREADS=1 ---
процессор: avx2 fma avx512f avx512bw avx512vl , ядер 4, потоков в работе 1
пресет tiny: vocab=4096 d_model=256 layers=4 heads=8/2 head_dim=32 ffn=704 ctx=128 norm=rms/pre pos=rope ffn_kind=swiglu tied params=3868928
батч 16 x 128 = 2048 токенов на шаг
только прямой проход: 0.562 с
шаг обучения (вперёд + назад): 1.899 с
пропускная способность: 1079 токенов/с
2000 шагов заняли бы 63.3 мин
эффективно 25.0 GFLOPS (пик умножения матриц — ./bench_gemm)

--- tiny, LLM_THREADS=2 ---
процессор: avx2 fma avx512f avx512bw avx512vl , ядер 4, потоков в работе 2
пресет tiny: vocab=4096 d_model=256 layers=4 heads=8/2 head_dim=32 ffn=704 ctx=128 norm=rms/pre pos=rope ffn_kind=swiglu tied params=3868928
батч 16 x 128 = 2048 токенов на шаг
только прямой проход: 0.303 с
шаг обучения (вперёд + назад): 1.079 с
пропускная способность: 1898 токенов/с
2000 шагов заняли бы 36.0 мин
эффективно 44.0 GFLOPS (пик умножения матриц — ./bench_gemm)

--- tiny, LLM_THREADS=4 ---
процессор: avx2 fma avx512f avx512bw avx512vl , ядер 4, потоков в работе 4
пресет tiny: vocab=4096 d_model=256 layers=4 heads=8/2 head_dim=32 ffn=704 ctx=128 norm=rms/pre pos=rope ffn_kind=swiglu tied params=3868928
батч 16 x 128 = 2048 токенов на шаг
только прямой проход: 0.173 с
шаг обучения (вперёд + назад): 0.732 с
пропускная способность: 2798 токенов/с
2000 шагов заняли бы 24.4 мин
эффективно 65.0 GFLOPS (пик умножения матриц — ./bench_gemm)

