модель: vocab=4096 d_model=256 layers=4 heads=8/2 head_dim=32 ffn=704 ctx=128 norm=rms/pre pos=rope ffn_kind=swiglu dropout=0.2 tied params=3868928
параметров: 3868928, обучаемых: 3868928, из них с распадом веса: 3866624
обучающих токенов: 307626, проверочных: 34181
шаг     50/1600 [                    ]  потери  6.8416  перпл   936.0  точность  12.1%  энтропия 8.057
                                 норма∇  1.551  шаг/вес 2.7e-03  скорость 1.85e-04  404 ток/с  9.4 GFLOPS  осталось 2.2 ч
шаг    100/1600 [=                   ]  потери  5.8247  перпл   338.6  точность  15.5%  энтропия 6.296
                                 норма∇  0.930  шаг/вес 4.6e-03  скорость 3.00e-04  407 ток/с  9.4 GFLOPS  осталось 2.1 ч
шаг    150/1600 [=                   ]  потери  5.2666  перпл   193.8  точность  18.6%  энтропия 5.790
                                 норма∇  1.276  шаг/вес 3.5e-03  скорость 2.99e-04  410 ток/с  9.5 GFLOPS  осталось 2.0 ч
шаг    200/1600 [==                  ]  потери  5.2840  перпл   197.1  точность  16.7%  энтропия 5.556
                                 норма∇  1.080  шаг/вес 3.2e-03  скорость 2.96e-04  410 ток/с  9.5 GFLOPS  осталось 1.9 ч

  --- диагностика ---
  проверочные потери 5.0447  перплексия 155.2  расхождение с обучающими -0.239

  слой   норма∇    RMS остатка   внимание   вентили  
  0      0.6033    0.0664        0.956      52%
  1      0.3881    0.1182        0.958      51%
  2      0.3299    0.1704        0.737      48%
  3      0.3484    0.2309        0.661      47%
  энтропия внимания: 1 — равномерно, 0 — сосредоточено; вентили — доля открытых каналов

  потери по четвертям окна: 5.061 / 5.028 / 5.103 / 4.983   выигрыш от контекста +0.078
  log Z выходных логитов +8.56

шаг    250/1600 [===                 ]  потери  4.8642  перпл   129.6  точность  19.7%  энтропия 5.286
                                 норма∇  1.027  шаг/вес 3.1e-03  скорость 2.92e-04  405 ток/с  9.4 GFLOPS  осталось 1.9 ч
шаг    300/1600 [===                 ]  потери  4.8697  перпл   130.3  точность  20.3%  энтропия 5.286
                                 норма∇  1.185  шаг/вес 3.0e-03  скорость 2.87e-04  407 ток/с  9.4 GFLOPS  осталось 1.8 ч
шаг    350/1600 [====                ]  потери  4.7814  перпл   119.3  точность  19.1%  энтропия 5.191
                                 норма∇  1.136  шаг/вес 2.9e-03  скорость 2.80e-04  407 ток/с  9.5 GFLOPS  осталось 1.7 ч
шаг    400/1600 [=====               ]  потери  4.5588  перпл    95.5  точность  22.0%  энтропия 4.961
                                 норма∇  1.349  шаг/вес 2.7e-03  скорость 2.72e-04  408 ток/с  9.5 GFLOPS  осталось 1.7 ч

  --- диагностика ---
  проверочные потери 4.7295  перплексия 113.2  расхождение с обучающими +0.171

  слой   норма∇    RMS остатка   внимание   вентили  
  0      0.6246    0.0632        0.941      51%
  1      0.3920    0.1005        0.948      49%
  2      0.3797    0.1416        0.685      46%
  3      0.3644    0.1973        0.619      47%
  энтропия внимания: 1 — равномерно, 0 — сосредоточено; вентили — доля открытых каналов

  потери по четвертям окна: 4.744 / 4.711 / 4.809 / 4.652   выигрыш от контекста +0.092
  log Z выходных логитов +8.99

шаг    450/1600 [=====               ]  потери  4.5619  перпл    95.8  точность  22.9%  энтропия 5.025
                                 норма∇  1.303  шаг/вес 2.8e-03  скорость 2.63e-04  406 ток/с  9.4 GFLOPS  осталось 1.6 ч
шаг    500/1600 [======              ]  потери  4.5474  перпл    94.4  точность  22.9%  энтропия 4.906
                                 норма∇  1.349  шаг/вес 2.6e-03  скорость 2.53e-04  406 ток/с  9.4 GFLOPS  осталось 1.5 ч
шаг    550/1600 [======              ]  потери  4.4171  перпл    82.9  точность  23.1%  энтропия 4.922
                                 норма∇  1.474  шаг/вес 2.3e-03  скорость 2.42e-04  407 ток/с  9.4 GFLOPS  осталось 88.1 мин
шаг    600/1600 [=======             ]  потери  4.4497  перпл    85.6  точность  23.4%  энтропия 4.820
                                 норма∇  1.482  шаг/вес 2.3e-03  скорость 2.30e-04  407 ток/с  9.4 GFLOPS  осталось 83.9 мин

  --- диагностика ---
  проверочные потери 4.5689  перплексия 96.4  расхождение с обучающими +0.119

  слой   норма∇    RMS остатка   внимание   вентили  
  0      0.5879    0.0614        0.931      49%
  1      0.4172    0.0927        0.936      46%
  2      0.4124    0.1327        0.687      45%
  3      0.3768    0.1922        0.643      46%
  энтропия внимания: 1 — равномерно, 0 — сосредоточено; вентили — доля открытых каналов

  потери по четвертям окна: 4.573 / 4.578 / 4.635 / 4.488   выигрыш от контекста +0.085
  log Z выходных логитов +9.32

шаг    650/1600 [========            ]  потери  4.3556  перпл    77.9  точность  23.8%  энтропия 4.763
                                 норма∇  1.462  шаг/вес 2.2e-03  скорость 2.17e-04  405 ток/с  9.4 GFLOPS  осталось 80.1 мин
шаг    700/1600 [========            ]  потери  4.3348  перпл    76.3  точность  23.5%  энтропия 4.759
                                 норма∇  1.488  шаг/вес 2.1e-03  скорость 2.04e-04  405 ток/с  9.4 GFLOPS  осталось 75.8 мин
шаг    750/1600 [=========           ]  потери  4.2428  перпл    69.6  точность  25.4%  энтропия 4.591
                                 норма∇  1.430  шаг/вес 1.9e-03  скорость 1.90e-04  406 ток/с  9.4 GFLOPS  осталось 71.5 мин
шаг    800/1600 [==========          ]  потери  4.1620  перпл    64.2  точность  25.9%  энтропия 4.493
                                 норма∇  1.485  шаг/вес 1.8e-03  скорость 1.77e-04  406 ток/с  9.4 GFLOPS  осталось 67.3 мин

  --- диагностика ---
  проверочные потери 4.5048  перплексия 90.4  расхождение с обучающими +0.343

  слой   норма∇    RMS остатка   внимание   вентили  
  0      0.6010    0.0600        0.920      49%
  1      0.4209    0.0880        0.891      44%
  2      0.4030    0.1250        0.673      44%
  3      0.3499    0.1813        0.621      46%
  энтропия внимания: 1 — равномерно, 0 — сосредоточено; вентили — доля открытых каналов

  потери по четвертям окна: 4.516 / 4.510 / 4.572 / 4.420   выигрыш от контекста +0.096
  log Z выходных логитов +9.55

шаг    850/1600 [==========          ]  потери  4.3246  перпл    75.5  точность  23.6%  энтропия 4.821
                                 норма∇  1.717  шаг/вес 1.6e-03  скорость 1.63e-04  405 ток/с  9.4 GFLOPS  осталось 63.2 мин
шаг    900/1600 [===========         ]  потери  4.1070  перпл    60.8  точность  26.6%  энтропия 4.646
                                 норма∇  1.575  шаг/вес 1.6e-03  скорость 1.49e-04  406 ток/с  9.4 GFLOPS  осталось 58.9 мин
шаг    950/1600 [===========         ]  потери  4.2139  перпл    67.6  точность  26.0%  энтропия 4.767
                                 норма∇  1.694  шаг/вес 1.4e-03  скорость 1.35e-04  406 ток/с  9.4 GFLOPS  осталось 54.6 мин
шаг   1000/1600 [============        ]  потери  4.0865  перпл    59.5  точность  26.2%  энтропия 4.546
                                 норма∇  1.619  шаг/вес 1.3e-03  скорость 1.22e-04  406 ток/с  9.4 GFLOPS  осталось 50.4 мин

  --- диагностика ---
  проверочные потери 4.4436  перплексия 85.1  расхождение с обучающими +0.357

  слой   норма∇    RMS остатка   внимание   вентили  
  0      0.5899    0.0582        0.911      49%
  1      0.4251    0.0828        0.868      44%
  2      0.4331    0.1181        0.648      44%
  3      0.3668    0.1736        0.628      47%
  энтропия внимания: 1 — равномерно, 0 — сосредоточено; вентили — доля открытых каналов

  потери по четвертям окна: 4.452 / 4.447 / 4.508 / 4.365   выигрыш от контекста +0.087
  log Z выходных логитов +9.63

шаг   1050/1600 [=============       ]  потери  4.2032  перпл    66.9  точность  25.1%  энтропия 4.610
                                 норма∇  1.651  шаг/вес 1.1e-03  скорость 1.09e-04  406 ток/с  9.4 GFLOPS  осталось 46.3 мин
шаг   1100/1600 [=============       ]  потери  4.1715  перпл    64.8  точность  25.3%  энтропия 4.639
                                 норма∇  1.700  шаг/вес 1.0e-03  скорость 9.62e-05  406 ток/с  9.4 GFLOPS  осталось 42.0 мин
шаг   1150/1600 [==============      ]  потери  3.9505  перпл    52.0  точность  27.7%  энтропия 4.436
                                 норма∇  1.776  шаг/вес 8.7e-04  скорость 8.46e-05  407 ток/с  9.4 GFLOPS  осталось 37.8 мин
шаг   1200/1600 [===============     ]  потери  4.0693  перпл    58.5  точность  27.2%  энтропия 4.532
                                 норма∇  1.738  шаг/вес 7.7e-04  скорость 7.38e-05  407 ток/с  9.5 GFLOPS  осталось 33.5 мин

  --- диагностика ---
  проверочные потери 4.4190  перплексия 83.0  расхождение с обучающими +0.350

  слой   норма∇    RMS остатка   внимание   вентили  
  0      0.5902    0.0569        0.903      48%
  1      0.4315    0.0793        0.853      43%
  2      0.4255    0.1132        0.644      44%
  3      0.3793    0.1668        0.626      47%
  энтропия внимания: 1 — равномерно, 0 — сосредоточено; вентили — доля открытых каналов

  потери по четвертям окна: 4.430 / 4.420 / 4.486 / 4.338   выигрыш от контекста +0.092
  log Z выходных логитов +9.77

шаг   1250/1600 [===============     ]  потери  4.0466  перпл    57.2  точность  26.8%  энтропия 4.524
                                 норма∇  1.786  шаг/вес 6.7e-04  скорость 6.40e-05  406 ток/с  9.4 GFLOPS  осталось 29.4 мин
шаг   1300/1600 [================    ]  потери  3.9011  перпл    49.5  точность  27.8%  энтропия 4.427
                                 норма∇  1.690  шаг/вес 5.7e-04  скорость 5.53e-05  407 ток/с  9.4 GFLOPS  осталось 25.2 мин
шаг   1350/1600 [================    ]  потери  4.0881  перпл    59.6  точность  26.5%  энтропия 4.534
                                 норма∇  1.808  шаг/вес 5.0e-04  скорость 4.78e-05  407 ток/с  9.4 GFLOPS  осталось 21.0 мин
шаг   1400/1600 [=================   ]  потери  4.0963  перпл    60.1  точность  25.4%  энтропия 4.637
                                 норма∇  1.904  шаг/вес 4.4e-04  скорость 4.15e-05  407 ток/с  9.5 GFLOPS  осталось 16.8 мин

  --- диагностика ---
  проверочные потери 4.4269  перплексия 83.7  расхождение с обучающими +0.331

  слой   норма∇    RMS остатка   внимание   вентили  
  0      0.5756    0.0560        0.897      48%
  1      0.4367    0.0771        0.852      43%
  2      0.4436    0.1098        0.648      44%
  3      0.3856    0.1628        0.627      47%
  энтропия внимания: 1 — равномерно, 0 — сосредоточено; вентили — доля открытых каналов

  потери по четвертям окна: 4.427 / 4.418 / 4.491 / 4.371   выигрыш от контекста +0.056
  log Z выходных логитов +9.82

шаг   1450/1600 [==================  ]  потери  3.9095  перпл    49.9  точность  29.6%  энтропия 4.479
                                 норма∇  1.793  шаг/вес 3.8e-04  скорость 3.65e-05  407 ток/с  9.4 GFLOPS  осталось 12.6 мин
шаг   1500/1600 [==================  ]  потери  3.9556  перпл    52.2  точность  28.5%  энтропия 4.488
                                 норма∇  1.816  шаг/вес 3.5e-04  скорость 3.29e-05  407 ток/с  9.4 GFLOPS  осталось 8.4 мин
шаг   1550/1600 [=================== ]  потери  3.7871  перпл    44.1  точность  29.7%  энтропия 4.385
                                 норма∇  1.838  шаг/вес 3.2e-04  скорость 3.08e-05  407 ток/с  9.4 GFLOPS  осталось 4.2 мин
шаг   1600/1600 [====================]  потери  4.0335  перпл    56.5  точность  26.1%  энтропия 4.508
                                 норма∇  1.914  шаг/вес 3.2e-04  скорость 3.00e-05  407 ток/с  9.4 GFLOPS  осталось 0 с

  --- диагностика ---
  проверочные потери 4.4137  перплексия 82.6  расхождение с обучающими +0.380

  слой   норма∇    RMS остатка   внимание   вентили  
  0      0.5723    0.0554        0.894      48%
  1      0.4312    0.0756        0.847      42%
  2      0.4479    0.1077        0.646      44%
  3      0.3852    0.1602        0.624      47%
  энтропия внимания: 1 — равномерно, 0 — сосредоточено; вентили — доля открытых каналов

  потери по четвертям окна: 4.413 / 4.416 / 4.479 / 4.345   выигрыш от контекста +0.068
  log Z выходных логитов +9.85


готово за 134.5 мин
потери: начало 8.3727 -> конец 4.0335
проверочные потери: 4.4137
чекпоинт: data/tiny_drop0.2.llmw
