модель: vocab=4096 d_model=256 layers=4 heads=8/2 head_dim=32 ffn=704 ctx=128 norm=rms/pre pos=rope ffn_kind=swiglu tied params=3868928
параметров: 3868928, обучаемых: 3868928, из них с распадом веса: 3866624
обучающих токенов: 307626, проверочных: 34181
шаг     50/1600 [                    ]  потери  6.7934  перпл   892.0  точность  13.5%  энтропия 8.031
                                 норма∇  1.667  шаг/вес 3.1e-03  скорость 1.85e-04  413 ток/с  9.6 GFLOPS  осталось 2.1 ч
шаг    100/1600 [=                   ]  потери  5.5123  перпл   247.7  точность  19.1%  энтропия 6.570
                                 норма∇  1.493  шаг/вес 4.5e-03  скорость 3.00e-04  420 ток/с  9.7 GFLOPS  осталось 2.0 ч
шаг    150/1600 [=                   ]  потери  5.1010  перпл   164.2  точность  19.1%  энтропия 5.660
                                 норма∇  1.154  шаг/вес 3.5e-03  скорость 2.99e-04  421 ток/с  9.8 GFLOPS  осталось 2.0 ч
шаг    200/1600 [==                  ]  потери  5.0373  перпл   154.0  точность  18.5%  энтропия 5.473
                                 норма∇  1.185  шаг/вес 3.2e-03  скорость 2.96e-04  422 ток/с  9.8 GFLOPS  осталось 1.9 ч

  --- диагностика ---
  проверочные потери 4.9790  перплексия 145.3  расхождение с обучающими -0.058

  слой   норма∇    RMS остатка   внимание   вентили  
  0      0.5811    0.0837        0.963      51%
  1      0.3855    0.1268        0.978      52%
  2      0.3239    0.1563        0.802      50%
  3      0.4422    0.1893        0.596      47%
  энтропия внимания: 1 — равномерно, 0 — сосредоточено; вентили — доля открытых каналов

  потери по четвертям окна: 4.995 / 4.962 / 5.044 / 4.913   выигрыш от контекста +0.081
  log Z выходных логитов +8.49

шаг    250/1600 [===                 ]  потери  4.6925  перпл   109.1  точность  20.7%  энтропия 5.330
                                 норма∇  1.252  шаг/вес 3.0e-03  скорость 2.92e-04  416 ток/с  9.7 GFLOPS  осталось 1.8 ч
шаг    300/1600 [===                 ]  потери  4.6456  перпл   104.1  точность  22.2%  энтропия 5.078
                                 норма∇  1.182  шаг/вес 3.1e-03  скорость 2.87e-04  418 ток/с  9.7 GFLOPS  осталось 1.8 ч
шаг    350/1600 [====                ]  потери  4.4846  перпл    88.6  точность  25.2%  энтропия 5.041
                                 норма∇  1.383  шаг/вес 2.8e-03  скорость 2.80e-04  419 ток/с  9.7 GFLOPS  осталось 1.7 ч
шаг    400/1600 [=====               ]  потери  4.4253  перпл    83.5  точность  24.4%  энтропия 4.890
                                 норма∇  1.399  шаг/вес 2.8e-03  скорость 2.72e-04  421 ток/с  9.8 GFLOPS  осталось 1.6 ч

  --- диагностика ---
  проверочные потери 4.6722  перплексия 106.9  расхождение с обучающими +0.247

  слой   норма∇    RMS остатка   внимание   вентили  
  0      0.5662    0.0719        0.950      50%
  1      0.4101    0.1032        0.954      50%
  2      0.4147    0.1248        0.760      49%
  3      0.4139    0.1601        0.510      48%
  энтропия внимания: 1 — равномерно, 0 — сосредоточено; вентили — доля открытых каналов

  потери по четвертям окна: 4.690 / 4.676 / 4.732 / 4.589   выигрыш от контекста +0.100
  log Z выходных логитов +8.91

шаг    450/1600 [=====               ]  потери  4.4318  перпл    84.1  точность  23.8%  энтропия 4.920
                                 норма∇  1.480  шаг/вес 2.7e-03  скорость 2.63e-04  419 ток/с  9.7 GFLOPS  осталось 1.6 ч
шаг    500/1600 [======              ]  потери  4.2724  перпл    71.7  точность  25.5%  энтропия 4.748
                                 норма∇  1.457  шаг/вес 2.6e-03  скорость 2.53e-04  420 ток/с  9.8 GFLOPS  осталось 89.4 мин
шаг    550/1600 [======              ]  потери  4.3212  перпл    75.3  точность  23.7%  энтропия 4.819
                                 норма∇  1.885  шаг/вес 2.4e-03  скорость 2.42e-04  421 ток/с  9.8 GFLOPS  осталось 85.1 мин
шаг    600/1600 [=======             ]  потери  4.1473  перпл    63.3  точность  26.5%  энтропия 4.677
                                 норма∇  1.817  шаг/вес 2.2e-03  скорость 2.30e-04  422 ток/с  9.8 GFLOPS  осталось 80.9 мин

  --- диагностика ---
  проверочные потери 4.5300  перплексия 92.8  расхождение с обучающими +0.383

  слой   норма∇    RMS остатка   внимание   вентили  
  0      0.5322    0.0684        0.923      49%
  1      0.4024    0.0956        0.916      48%
  2      0.3947    0.1133        0.700      47%
  3      0.5174    0.1495        0.503      49%
  энтропия внимания: 1 — равномерно, 0 — сосредоточено; вентили — доля открытых каналов

  потери по четвертям окна: 4.539 / 4.545 / 4.597 / 4.437   выигрыш от контекста +0.102
  log Z выходных логитов +9.15

шаг    650/1600 [========            ]  потери  3.8883  перпл    48.8  точность  29.8%  энтропия 4.431
                                 норма∇  1.522  шаг/вес 2.2e-03  скорость 2.17e-04  420 ток/с  9.8 GFLOPS  осталось 77.1 мин
шаг    700/1600 [========            ]  потери  4.1579  перпл    63.9  точность  26.6%  энтропия 4.526
                                 норма∇  1.943  шаг/вес 2.0e-03  скорость 2.04e-04  421 ток/с  9.8 GFLOPS  осталось 73.0 мин
шаг    750/1600 [=========           ]  потери  3.9799  перпл    53.5  точность  28.2%  энтропия 4.532
                                 норма∇  1.860  шаг/вес 1.9e-03  скорость 1.90e-04  421 ток/с  9.8 GFLOPS  осталось 68.9 мин
шаг    800/1600 [==========          ]  потери  4.0224  перпл    55.8  точность  27.9%  энтропия 4.642
                                 норма∇  1.917  шаг/вес 1.9e-03  скорость 1.77e-04  422 ток/с  9.8 GFLOPS  осталось 64.7 мин

  --- диагностика ---
  проверочные потери 4.4551  перплексия 86.1  расхождение с обучающими +0.433

  слой   норма∇    RMS остатка   внимание   вентили  
  0      0.5608    0.0666        0.903      49%
  1      0.4415    0.0909        0.892      48%
  2      0.4318    0.1069        0.680      48%
  3      0.4236    0.1429        0.502      49%
  энтропия внимания: 1 — равномерно, 0 — сосредоточено; вентили — доля открытых каналов

  потери по четвертям окна: 4.459 / 4.489 / 4.511 / 4.358   выигрыш от контекста +0.101
  log Z выходных логитов +9.34

шаг    850/1600 [==========          ]  потери  3.9723  перпл    53.1  точность  28.6%  энтропия 4.561
                                 норма∇  1.958  шаг/вес 1.7e-03  скорость 1.63e-04  421 ток/с  9.8 GFLOPS  осталось 60.9 мин
шаг    900/1600 [===========         ]  потери  3.9607  перпл    52.5  точность  29.8%  энтропия 4.541
                                 норма∇  2.068  шаг/вес 1.5e-03  скорость 1.49e-04  421 ток/с  9.8 GFLOPS  осталось 56.8 мин
шаг    950/1600 [===========         ]  потери  3.8634  перпл    47.6  точность  29.6%  энтропия 4.362
                                 норма∇  2.426  шаг/вес 1.3e-03  скорость 1.35e-04  421 ток/с  9.8 GFLOPS  осталось 52.7 мин
шаг   1000/1600 [============        ]  потери  3.7608  перпл    43.0  точность  33.6%  энтропия 4.422
                                 норма∇  2.289  шаг/вес 1.3e-03  скорость 1.22e-04  421 ток/с  9.8 GFLOPS  осталось 48.6 мин

  --- диагностика ---
  проверочные потери 4.4367  перплексия 84.5  расхождение с обучающими +0.676

  слой   норма∇    RMS остатка   внимание   вентили  
  0      0.5753    0.0636        0.888      49%
  1      0.4375    0.0851        0.863      47%
  2      0.4376    0.1003        0.662      48%
  3      0.4248    0.1369        0.489      50%
  энтропия внимания: 1 — равномерно, 0 — сосредоточено; вентили — доля открытых каналов

  потери по четвертям окна: 4.448 / 4.452 / 4.487 / 4.357   выигрыш от контекста +0.092
  log Z выходных логитов +9.51

шаг   1050/1600 [=============       ]  потери  3.8453  перпл    46.8  точность  30.0%  энтропия 4.368
                                 норма∇  2.433  шаг/вес 1.1e-03  скорость 1.09e-04  420 ток/с  9.7 GFLOPS  осталось 44.7 мин
шаг   1100/1600 [=============       ]  потери  3.7879  перпл    44.2  точность  31.6%  энтропия 4.477
                                 норма∇  2.407  шаг/вес 9.8e-04  скорость 9.62e-05  420 ток/с  9.8 GFLOPS  осталось 40.6 мин
шаг   1150/1600 [==============      ]  потери  3.7352  перпл    41.9  точность  31.6%  энтропия 4.389
                                 норма∇  2.384  шаг/вес 8.6e-04  скорость 8.46e-05  421 ток/с  9.8 GFLOPS  осталось 36.5 мин
шаг   1200/1600 [===============     ]  потери  3.8198  перпл    45.6  точность  30.1%  энтропия 4.317
                                 норма∇  2.570  шаг/вес 7.5e-04  скорость 7.38e-05  421 ток/с  9.8 GFLOPS  осталось 32.4 мин

  --- диагностика ---
  проверочные потери 4.4104  перплексия 82.3  расхождение с обучающими +0.591

  слой   норма∇    RMS остатка   внимание   вентили  
  0      0.5565    0.0618        0.875      49%
  1      0.4562    0.0816        0.855      47%
  2      0.4514    0.0957        0.659      48%
  3      0.4229    0.1325        0.469      50%
  энтропия внимания: 1 — равномерно, 0 — сосредоточено; вентили — доля открытых каналов

  потери по четвертям окна: 4.414 / 4.436 / 4.463 / 4.326   выигрыш от контекста +0.088
  log Z выходных логитов +9.65

шаг   1250/1600 [===============     ]  потери  3.7485  перпл    42.5  точность  32.0%  энтропия 4.341
                                 норма∇  2.894  шаг/вес 6.3e-04  скорость 6.40e-05  420 ток/с  9.8 GFLOPS  осталось 28.4 мин
шаг   1300/1600 [================    ]  потери  3.5226  перпл    33.9  точность  35.4%  энтропия 4.205
                                 норма∇  2.571  шаг/вес 5.6e-04  скорость 5.53e-05  421 ток/с  9.8 GFLOPS  осталось 24.3 мин
шаг   1350/1600 [================    ]  потери  3.6083  перпл    36.9  точность  33.6%  энтропия 4.194
                                 норма∇  2.557  шаг/вес 4.9e-04  скорость 4.78e-05  421 ток/с  9.8 GFLOPS  осталось 20.3 мин
шаг   1400/1600 [=================   ]  потери  3.6023  перпл    36.7  точность  34.2%  энтропия 4.223
                                 норма∇  2.729  шаг/вес 4.2e-04  скорость 4.15e-05  422 ток/с  9.8 GFLOPS  осталось 16.2 мин

  --- диагностика ---
  проверочные потери 4.4287  перплексия 83.8  расхождение с обучающими +0.826

  слой   норма∇    RMS остатка   внимание   вентили  
  0      0.5749    0.0606        0.865      48%
  1      0.4753    0.0792        0.840      47%
  2      0.4479    0.0922        0.649      48%
  3      0.3751    0.1281        0.475      51%
  энтропия внимания: 1 — равномерно, 0 — сосредоточено; вентили — доля открытых каналов

  потери по четвертям окна: 4.425 / 4.449 / 4.478 / 4.360   выигрыш от контекста +0.065
  log Z выходных логитов +9.69

шаг   1450/1600 [==================  ]  потери  3.6188  перпл    37.3  точность  33.7%  энтропия 4.265
                                 норма∇  2.768  шаг/вес 3.7e-04  скорость 3.65e-05  421 ток/с  9.8 GFLOPS  осталось 12.2 мин
шаг   1500/1600 [==================  ]  потери  3.6854  перпл    39.9  точность  33.7%  энтропия 4.319
                                 норма∇  2.874  шаг/вес 3.4e-04  скорость 3.29e-05  421 ток/с  9.8 GFLOPS  осталось 8.1 мин
шаг   1550/1600 [=================== ]  потери  3.6064  перпл    36.8  точность  34.6%  энтропия 4.235
                                 норма∇  2.799  шаг/вес 3.2e-04  скорость 3.08e-05  421 ток/с  9.8 GFLOPS  осталось 4.0 мин
шаг   1600/1600 [====================]  потери  3.5968  перпл    36.5  точность  34.8%  энтропия 4.224
                                 норма∇  2.814  шаг/вес 3.0e-04  скорость 3.00e-05  422 ток/с  9.8 GFLOPS  осталось 0 с

  --- диагностика ---
  проверочные потери 4.4315  перплексия 84.1  расхождение с обучающими +0.835

  слой   норма∇    RMS остатка   внимание   вентили  
  0      0.5675    0.0598        0.859      48%
  1      0.4655    0.0774        0.837      47%
  2      0.4588    0.0900        0.648      48%
  3      0.3962    0.1275        0.472      51%
  энтропия внимания: 1 — равномерно, 0 — сосредоточено; вентили — доля открытых каналов

  потери по четвертям окна: 4.428 / 4.451 / 4.481 / 4.363   выигрыш от контекста +0.065
  log Z выходных логитов +9.76


готово за 129.8 мин
потери: начало 8.3149 -> конец 3.5968
проверочные потери: 4.4315
ЛУЧШЕЕ БЫЛО РАНЬШЕ: 4.4104 на шаге 1200 из 1600, дальше только хуже
  разница с концом прогона: +0.0211
  сохранён именно лучший
чекпоинт: data/tiny_s2_drop0.0.llmw
