модель: vocab=1024 d_model=128 layers=4 heads=4/2 head_dim=32 ffn=352 ctx=64 norm=rms/pre pos=rope ffn_kind=swiglu tied params=869504
параметров: 869504, обучаемых: 869504, из них с распадом веса: 868352
обучающих токенов: 411394, проверочных: 45711
шаг     50/2000 [                    ]  потери  6.5009  перпл   665.7  точность   6.4%  энтропия 6.875
                                 норма∇  1.039  шаг/вес 1.6e-03  скорость 1.49e-04  2171 ток/с  11.3 GFLOPS  осталось 15.3 мин
шаг    100/2000 [=                   ]  потери  5.7521  перпл   314.9  точность  12.9%  энтропия 6.477
                                 норма∇  0.892  шаг/вес 4.5e-03  скорость 2.97e-04  2206 ток/с  11.5 GFLOPS  осталось 14.7 мин
шаг    150/2000 [=                   ]  потери  5.3210  перпл   204.6  точность  12.3%  энтропия 6.026
                                 норма∇  0.915  шаг/вес 4.0e-03  скорость 3.00e-04  2199 ток/с  11.5 GFLOPS  осталось 14.4 мин
шаг    200/2000 [==                  ]  потери  5.0059  перпл   149.3  точность  13.8%  энтропия 5.687
                                 норма∇  0.843  шаг/вес 3.5e-03  скорость 2.98e-04  2189 ток/с  11.4 GFLOPS  осталось 14.0 мин

  --- диагностика ---
  проверочные потери 4.9915  перплексия 147.2  расхождение с обучающими -0.014

  слой   норма∇    RMS остатка   внимание   вентили  
  0      0.4199    0.0381        0.962      51%
  1      0.3415    0.0572        0.966      55%
  2      0.2585    0.0805        0.950      55%
  3      0.2226    0.1079        0.754      57%
  энтропия внимания: 1 — равномерно, 0 — сосредоточено; вентили — доля открытых каналов

  потери по четвертям окна: 5.001 / 4.962 / 5.002 / 5.001   выигрыш от контекста +0.000
  log Z выходных логитов +6.88

шаг    250/2000 [==                  ]  потери  4.7066  перпл   110.7  точность  16.1%  энтропия 5.551
                                 норма∇  1.296  шаг/вес 3.1e-03  скорость 2.96e-04  2155 ток/с  11.2 GFLOPS  осталось 13.9 мин
шаг    300/2000 [===                 ]  потери  4.5031  перпл    90.3  точность  18.3%  энтропия 5.270
                                 норма∇  1.061  шаг/вес 2.9e-03  скорость 2.93e-04  2172 ток/с  11.3 GFLOPS  осталось 13.4 мин
шаг    350/2000 [===                 ]  потери  4.5337  перпл    93.1  точность  16.4%  энтропия 5.248
                                 норма∇  1.033  шаг/вес 2.9e-03  скорость 2.89e-04  2160 ток/с  11.3 GFLOPS  осталось 13.0 мин
шаг    400/2000 [====                ]  потери  4.3978  перпл    81.3  точность  18.7%  энтропия 5.065
                                 норма∇  1.118  шаг/вес 2.7e-03  скорость 2.84e-04  2180 ток/с  11.4 GFLOPS  осталось 12.5 мин

  --- диагностика ---
  проверочные потери 4.5069  перплексия 90.6  расхождение с обучающими +0.109

  слой   норма∇    RMS остатка   внимание   вентили  
  0      0.5220    0.0462        0.889      50%
  1      0.4381    0.0641        0.930      54%
  2      0.3424    0.0800        0.937      54%
  3      0.3644    0.1030        0.699      54%
  энтропия внимания: 1 — равномерно, 0 — сосредоточено; вентили — доля открытых каналов

  потери по четвертям окна: 4.544 / 4.465 / 4.517 / 4.501   выигрыш от контекста +0.043
  log Z выходных логитов +7.32

шаг    450/2000 [====                ]  потери  4.4848  перпл    88.7  точность  16.0%  энтропия 4.943
                                 норма∇  1.222  шаг/вес 2.7e-03  скорость 2.78e-04  2162 ток/с  11.3 GFLOPS  осталось 12.2 мин
шаг    500/2000 [=====               ]  потери  4.3427  перпл    76.9  точность  16.9%  энтропия 4.873
                                 норма∇  1.365  шаг/вес 2.5e-03  скорость 2.72e-04  2173 ток/с  11.3 GFLOPS  осталось 11.8 мин
шаг    550/2000 [=====               ]  потери  4.2940  перпл    73.3  точность  18.1%  энтропия 4.808
                                 норма∇  1.310  шаг/вес 2.4e-03  скорость 2.65e-04  2172 ток/с  11.3 GFLOPS  осталось 11.4 мин
шаг    600/2000 [======              ]  потери  3.9766  перпл    53.3  точность  23.4%  энтропия 4.680
                                 норма∇  1.280  шаг/вес 2.4e-03  скорость 2.57e-04  2176 ток/с  11.4 GFLOPS  осталось 11.0 мин

  --- диагностика ---
  проверочные потери 4.2846  перплексия 72.6  расхождение с обучающими +0.308

  слой   норма∇    RMS остатка   внимание   вентили  
  0      0.5026    0.0501        0.817      50%
  1      0.4537    0.0667        0.902      54%
  2      0.3643    0.0810        0.922      53%
  3      0.4281    0.1063        0.617      54%
  энтропия внимания: 1 — равномерно, 0 — сосредоточено; вентили — доля открытых каналов

  потери по четвертям окна: 4.334 / 4.242 / 4.292 / 4.270   выигрыш от контекста +0.064
  log Z выходных логитов +7.62

шаг    650/2000 [======              ]  потери  4.1070  перпл    60.8  точность  19.6%  энтропия 4.687
                                 норма∇  1.724  шаг/вес 2.3e-03  скорость 2.48e-04  2168 ток/с  11.3 GFLOPS  осталось 10.6 мин
шаг    700/2000 [=======             ]  потери  4.1043  перпл    60.6  точность  20.8%  энтропия 4.567
                                 норма∇  1.481  шаг/вес 2.2e-03  скорость 2.39e-04  2165 ток/с  11.3 GFLOPS  осталось 10.2 мин
шаг    750/2000 [=======             ]  потери  4.0585  перпл    57.9  точность  20.0%  энтропия 4.586
                                 норма∇  1.485  шаг/вес 2.1e-03  скорость 2.30e-04  2169 ток/с  11.3 GFLOPS  осталось 9.8 мин
шаг    800/2000 [========            ]  потери  3.9757  перпл    53.3  точность  20.9%  энтропия 4.562
                                 норма∇  1.509  шаг/вес 2.0e-03  скорость 2.20e-04  2175 ток/с  11.3 GFLOPS  осталось 9.4 мин

  --- диагностика ---
  проверочные потери 4.1395  перплексия 62.8  расхождение с обучающими +0.164

  слой   норма∇    RMS остатка   внимание   вентили  
  0      0.5240    0.0538        0.773      50%
  1      0.4529    0.0700        0.871      53%
  2      0.3758    0.0835        0.879      53%
  3      0.4278    0.1096        0.577      54%
  энтропия внимания: 1 — равномерно, 0 — сосредоточено; вентили — доля открытых каналов

  потери по четвертям окна: 4.182 / 4.102 / 4.144 / 4.129   выигрыш от контекста +0.053
  log Z выходных логитов +7.82

шаг    850/2000 [========            ]  потери  3.7389  перпл    42.1  точность  26.1%  энтропия 4.421
                                 норма∇  1.706  шаг/вес 1.9e-03  скорость 2.09e-04  2165 ток/с  11.3 GFLOPS  осталось 9.1 мин
шаг    900/2000 [=========           ]  потери  3.7931  перпл    44.4  точность  23.6%  энтропия 4.397
                                 норма∇  1.691  шаг/вес 1.8e-03  скорость 1.98e-04  2172 ток/с  11.3 GFLOPS  осталось 8.6 мин
шаг    950/2000 [=========           ]  потери  3.7950  перпл    44.5  точность  22.4%  энтропия 4.361
                                 норма∇  1.616  шаг/вес 1.7e-03  скорость 1.88e-04  2174 ток/с  11.3 GFLOPS  осталось 8.2 мин
шаг   1000/2000 [==========          ]  потери  3.7162  перпл    41.1  точность  24.4%  энтропия 4.339
                                 норма∇  1.682  шаг/вес 1.6e-03  скорость 1.76e-04  2175 ток/с  11.3 GFLOPS  осталось 7.8 мин

  --- диагностика ---
  проверочные потери 3.9990  перплексия 54.5  расхождение с обучающими +0.283

  слой   норма∇    RMS остатка   внимание   вентили  
  0      0.5156    0.0551        0.755      49%
  1      0.4528    0.0704        0.854      53%
  2      0.3881    0.0824        0.854      53%
  3      0.4596    0.1084        0.596      54%
  энтропия внимания: 1 — равномерно, 0 — сосредоточено; вентили — доля открытых каналов

  потери по четвертям окна: 4.068 / 3.940 / 4.000 / 3.987   выигрыш от контекста +0.081
  log Z выходных логитов +7.97

шаг   1050/2000 [==========          ]  потери  3.6636  перпл    39.0  точность  27.2%  энтропия 4.265
                                 норма∇  1.725  шаг/вес 1.4e-03  скорость 1.65e-04  2172 ток/с  11.3 GFLOPS  осталось 7.5 мин
шаг   1100/2000 [===========         ]  потери  3.8525  перпл    47.1  точность  22.9%  энтропия 4.311
                                 норма∇  1.879  шаг/вес 1.4e-03  скорость 1.54e-04  2171 ток/с  11.3 GFLOPS  осталось 7.1 мин
шаг   1150/2000 [===========         ]  потери  3.6703  перпл    39.3  точность  26.2%  энтропия 4.257
                                 норма∇  1.852  шаг/вес 1.3e-03  скорость 1.43e-04  2170 ток/с  11.3 GFLOPS  осталось 6.7 мин
шаг   1200/2000 [============        ]  потери  3.8841  перпл    48.6  точность  22.4%  энтропия 4.305
                                 норма∇  2.007  шаг/вес 1.1e-03  скорость 1.32e-04  2170 ток/с  11.3 GFLOPS  осталось 6.3 мин

  --- диагностика ---
  проверочные потери 3.9211  перплексия 50.5  расхождение с обучающими +0.037

  слой   норма∇    RMS остатка   внимание   вентили  
  0      0.5219    0.0565        0.728      50%
  1      0.4554    0.0703        0.832      54%
  2      0.4118    0.0815        0.823      53%
  3      0.4527    0.1083        0.586      54%
  энтропия внимания: 1 — равномерно, 0 — сосредоточено; вентили — доля открытых каналов

  потери по четвертям окна: 4.000 / 3.865 / 3.926 / 3.892   выигрыш от контекста +0.108
  log Z выходных логитов +8.08

шаг   1250/2000 [============        ]  потери  3.6726  перпл    39.4  точность  26.8%  энтропия 4.244
                                 норма∇  2.041  шаг/вес 1.1e-03  скорость 1.21e-04  2167 ток/с  11.3 GFLOPS  осталось 5.9 мин
шаг   1300/2000 [=============       ]  потери  3.6355  перпл    37.9  точность  24.7%  энтропия 4.174
                                 норма∇  1.957  шаг/вес 1.0e-03  скорость 1.11e-04  2176 ток/с  11.4 GFLOPS  осталось 5.5 мин
шаг   1350/2000 [=============       ]  потери  3.6370  перпл    38.0  точность  24.6%  энтропия 4.211
                                 норма∇  2.087  шаг/вес 8.8e-04  скорость 1.01e-04  2177 ток/с  11.4 GFLOPS  осталось 5.1 мин
шаг   1400/2000 [==============      ]  потери  3.6213  перпл    37.4  точность  27.4%  энтропия 4.108
                                 норма∇  1.904  шаг/вес 8.1e-04  скорость 9.14e-05  2182 ток/с  11.4 GFLOPS  осталось 4.7 мин

  --- диагностика ---
  проверочные потери 3.8627  перплексия 47.6  расхождение с обучающими +0.241

  слой   норма∇    RMS остатка   внимание   вентили  
  0      0.5249    0.0568        0.717      50%
  1      0.4586    0.0693        0.825      54%
  2      0.4146    0.0796        0.812      54%
  3      0.4385    0.1062        0.590      53%
  энтропия внимания: 1 — равномерно, 0 — сосредоточено; вентили — доля открытых каналов

  потери по четвертям окна: 3.947 / 3.808 / 3.855 / 3.840   выигрыш от контекста +0.107
  log Z выходных логитов +8.14

шаг   1450/2000 [==============      ]  потери  3.6676  перпл    39.2  точность  26.7%  энтропия 4.174
                                 норма∇  2.095  шаг/вес 7.2e-04  скорость 8.23e-05  2181 ток/с  11.4 GFLOPS  осталось 4.3 мин
шаг   1500/2000 [===============     ]  потери  3.7495  перпл    42.5  точность  25.4%  энтропия 4.254
                                 норма∇  2.188  шаг/вес 6.4e-04  скорость 7.38e-05  2182 ток/с  11.4 GFLOPS  осталось 3.9 мин
шаг   1550/2000 [===============     ]  потери  3.4939  перпл    32.9  точность  27.1%  энтропия 4.040
                                 норма∇  2.116  шаг/вес 5.8e-04  скорость 6.59e-05  2186 ток/с  11.4 GFLOPS  осталось 3.5 мин
шаг   1600/2000 [================    ]  потери  3.5145  перпл    33.6  точность  29.6%  энтропия 4.037
                                 норма∇  2.096  шаг/вес 5.1e-04  скорость 5.86e-05  2189 ток/с  11.4 GFLOPS  осталось 3.1 мин

  --- диагностика ---
  проверочные потери 3.8241  перплексия 45.8  расхождение с обучающими +0.310

  слой   норма∇    RMS остатка   внимание   вентили  
  0      0.5114    0.0569        0.712      50%
  1      0.4766    0.0681        0.812      54%
  2      0.4194    0.0776        0.807      54%
  3      0.4514    0.1031        0.583      53%
  энтропия внимания: 1 — равномерно, 0 — сосредоточено; вентили — доля открытых каналов

  потери по четвертям окна: 3.905 / 3.772 / 3.807 / 3.813   выигрыш от контекста +0.092
  log Z выходных логитов +8.19

шаг   1650/2000 [================    ]  потери  3.5648  перпл    35.3  точность  28.2%  энтропия 4.162
                                 норма∇  2.250  шаг/вес 4.6e-04  скорость 5.21e-05  2185 ток/с  11.4 GFLOPS  осталось 2.7 мин
шаг   1700/2000 [=================   ]  потери  3.6252  перпл    37.5  точность  28.1%  энтропия 4.148
                                 норма∇  2.187  шаг/вес 4.1e-04  скорость 4.64e-05  2191 ток/с  11.4 GFLOPS  осталось 2.3 мин
шаг   1750/2000 [=================   ]  потери  3.4866  перпл    32.7  точность  29.5%  энтропия 4.015
                                 норма∇  2.174  шаг/вес 3.8e-04  скорость 4.15e-05  2202 ток/с  11.5 GFLOPS  осталось 1.9 мин
шаг   1800/2000 [==================  ]  потери  3.4870  перпл    32.7  точность  27.4%  энтропия 4.103
                                 норма∇  2.258  шаг/вес 3.4e-04  скорость 3.74e-05  2205 ток/с  11.5 GFLOPS  осталось 1.5 мин

  --- диагностика ---
  проверочные потери 3.8032  перплексия 44.8  расхождение с обучающими +0.316

  слой   норма∇    RMS остатка   внимание   вентили  
  0      0.5360    0.0572        0.710      49%
  1      0.4687    0.0677        0.804      54%
  2      0.4152    0.0770        0.796      54%
  3      0.4310    0.1030        0.574      53%
  энтропия внимания: 1 — равномерно, 0 — сосредоточено; вентили — доля открытых каналов

  потери по четвертям окна: 3.887 / 3.742 / 3.788 / 3.795   выигрыш от контекста +0.092
  log Z выходных логитов +8.24

шаг   1850/2000 [==================  ]  потери  3.3522  перпл    28.6  точность  31.1%  энтропия 4.021
                                 норма∇  2.238  шаг/вес 3.0e-04  скорость 3.42e-05  2202 ток/с  11.5 GFLOPS  осталось 70 с
шаг   1900/2000 [=================== ]  потери  3.6948  перпл    40.2  точность  23.9%  энтропия 4.166
                                 норма∇  2.459  шаг/вес 2.8e-04  скорость 3.19e-05  2202 ток/с  11.5 GFLOPS  осталось 46 с
шаг   1950/2000 [=================== ]  потери  3.3954  перпл    29.8  точность  30.9%  энтропия 3.998
                                 норма∇  2.286  шаг/вес 2.7e-04  скорость 3.05e-05  2201 ток/с  11.5 GFLOPS  осталось 23 с
шаг   2000/2000 [====================]  потери  3.6119  перпл    37.0  точность  25.0%  энтропия 4.041
                                 норма∇  2.300  шаг/вес 2.6e-04  скорость 3.00e-05  2204 ток/с  11.5 GFLOPS  осталось 0 с

  --- диагностика ---
  проверочные потери 3.7922  перплексия 44.4  расхождение с обучающими +0.180

  слой   норма∇    RMS остатка   внимание   вентили  
  0      0.5285    0.0571        0.706      50%
  1      0.4892    0.0674        0.797      54%
  2      0.4194    0.0762        0.783      54%
  3      0.4191    0.1020        0.578      53%
  энтропия внимания: 1 — равномерно, 0 — сосредоточено; вентили — доля открытых каналов

  потери по четвертям окна: 3.885 / 3.734 / 3.776 / 3.773   выигрыш от контекста +0.112
  log Z выходных логитов +8.26


готово за 15.5 мин
потери: начало 6.9442 -> конец 3.6119
проверочные потери: 3.7922
чекпоинт: data/nano.llmw
