модель: vocab=4096 d_model=256 layers=4 heads=8/2 head_dim=32 ffn=704 ctx=128 norm=rms/pre pos=rope ffn_kind=swiglu dropout=0.1 tied params=3868928
параметров: 3868928, обучаемых: 3868928, из них с распадом веса: 3866624
обучающих токенов: 307626, проверочных: 34181
шаг     50/1600 [                    ]  потери  6.8087  перпл   905.7  точность  11.9%  энтропия 8.043
                                 норма∇  1.593  шаг/вес 3.0e-03  скорость 1.85e-04  402 ток/с  9.3 GFLOPS  осталось 2.2 ч
шаг    100/1600 [=                   ]  потери  5.7841  перпл   325.1  точность  15.9%  энтропия 6.225
                                 норма∇  0.935  шаг/вес 4.5e-03  скорость 3.00e-04  407 ток/с  9.4 GFLOPS  осталось 2.1 ч
шаг    150/1600 [=                   ]  потери  5.2159  перпл   184.2  точность  19.1%  энтропия 5.762
                                 норма∇  1.226  шаг/вес 3.5e-03  скорость 2.99e-04  410 ток/с  9.5 GFLOPS  осталось 2.0 ч
шаг    200/1600 [==                  ]  потери  5.2391  перпл   188.5  точность  17.0%  энтропия 5.522
                                 норма∇  1.142  шаг/вес 3.2e-03  скорость 2.96e-04  412 ток/с  9.6 GFLOPS  осталось 1.9 ч

  --- диагностика ---
  проверочные потери 5.0142  перплексия 150.5  расхождение с обучающими -0.225

  слой   норма∇    RMS остатка   внимание   вентили  
  0      0.5995    0.0649        0.964      51%
  1      0.4100    0.1149        0.937      52%
  2      0.3205    0.1599        0.787      49%
  3      0.3792    0.2137        0.645      47%
  энтропия внимания: 1 — равномерно, 0 — сосредоточено; вентили — доля открытых каналов

  потери по четвертям окна: 5.028 / 5.000 / 5.074 / 4.953   выигрыш от контекста +0.074
  log Z выходных логитов +8.54

шаг    250/1600 [===                 ]  потери  4.8243  перпл   124.5  точность  19.7%  энтропия 5.245
                                 норма∇  1.073  шаг/вес 3.0e-03  скорость 2.92e-04  407 ток/с  9.4 GFLOPS  осталось 1.9 ч
шаг    300/1600 [===                 ]  потери  4.8252  перпл   124.6  точность  20.8%  энтропия 5.261
                                 норма∇  1.199  шаг/вес 3.0e-03  скорость 2.87e-04  408 ток/с  9.5 GFLOPS  осталось 1.8 ч
шаг    350/1600 [====                ]  потери  4.7221  перпл   112.4  точность  19.9%  энтропия 5.130
                                 норма∇  1.325  шаг/вес 2.9e-03  скорость 2.80e-04  409 ток/с  9.5 GFLOPS  осталось 1.7 ч
шаг    400/1600 [=====               ]  потери  4.4860  перпл    88.8  точность  22.6%  энтропия 4.910
                                 норма∇  1.237  шаг/вес 2.7e-03  скорость 2.72e-04  410 ток/с  9.5 GFLOPS  осталось 1.7 ч

  --- диагностика ---
  проверочные потери 4.6973  перплексия 109.7  расхождение с обучающими +0.211

  слой   норма∇    RMS остатка   внимание   вентили  
  0      0.5965    0.0610        0.954      50%
  1      0.4264    0.0940        0.926      50%
  2      0.3641    0.1251        0.731      47%
  3      0.3525    0.1751        0.607      47%
  энтропия внимания: 1 — равномерно, 0 — сосредоточено; вентили — доля открытых каналов

  потери по четвертям окна: 4.714 / 4.677 / 4.773 / 4.623   выигрыш от контекста +0.091
  log Z выходных логитов +8.93

шаг    450/1600 [=====               ]  потери  4.4861  перпл    88.8  точность  23.8%  энтропия 4.990
                                 норма∇  1.388  шаг/вес 2.7e-03  скорость 2.63e-04  408 ток/с  9.5 GFLOPS  осталось 1.6 ч
шаг    500/1600 [======              ]  потери  4.4624  перпл    86.7  точность  23.3%  энтропия 4.861
                                 норма∇  1.539  шаг/вес 2.6e-03  скорость 2.53e-04  409 ток/с  9.5 GFLOPS  осталось 1.5 ч
шаг    550/1600 [======              ]  потери  4.3531  перпл    77.7  точность  23.8%  энтропия 4.824
                                 норма∇  1.439  шаг/вес 2.4e-03  скорость 2.42e-04  410 ток/с  9.5 GFLOPS  осталось 87.5 мин
шаг    600/1600 [=======             ]  потери  4.3788  перпл    79.7  точность  25.3%  энтропия 4.740
                                 норма∇  1.627  шаг/вес 2.3e-03  скорость 2.30e-04  410 ток/с  9.5 GFLOPS  осталось 83.3 мин

  --- диагностика ---
  проверочные потери 4.5506  перплексия 94.7  расхождение с обучающими +0.172

  слой   норма∇    RMS остатка   внимание   вентили  
  0      0.5668    0.0607        0.943      49%
  1      0.4161    0.0900        0.909      48%
  2      0.4383    0.1203        0.710      45%
  3      0.4056    0.1760        0.617      48%
  энтропия внимания: 1 — равномерно, 0 — сосредоточено; вентили — доля открытых каналов

  потери по четвертям окна: 4.553 / 4.560 / 4.616 / 4.471   выигрыш от контекста +0.082
  log Z выходных логитов +9.25

шаг    650/1600 [========            ]  потери  4.2673  перпл    71.3  точность  25.0%  энтропия 4.768
                                 норма∇  1.602  шаг/вес 2.2e-03  скорость 2.17e-04  408 ток/с  9.5 GFLOPS  осталось 79.5 мин
шаг    700/1600 [========            ]  потери  4.2417  перпл    69.5  точность  24.4%  энтропия 4.707
                                 норма∇  1.622  шаг/вес 2.1e-03  скорость 2.04e-04  408 ток/с  9.5 GFLOPS  осталось 75.2 мин
шаг    750/1600 [=========           ]  потери  4.1604  перпл    64.1  точность  26.8%  энтропия 4.551
                                 норма∇  1.582  шаг/вес 2.0e-03  скорость 1.90e-04  409 ток/с  9.5 GFLOPS  осталось 71.0 мин
шаг    800/1600 [==========          ]  потери  4.0719  перпл    58.7  точность  26.8%  энтропия 4.452
                                 норма∇  1.620  шаг/вес 1.8e-03  скорость 1.77e-04  409 ток/с  9.5 GFLOPS  осталось 66.8 мин

  --- диагностика ---
  проверочные потери 4.4834  перплексия 88.5  расхождение с обучающими +0.411

  слой   норма∇    RMS остатка   внимание   вентили  
  0      0.5773    0.0585        0.931      49%
  1      0.4329    0.0849        0.880      46%
  2      0.4137    0.1131        0.687      45%
  3      0.3758    0.1659        0.613      48%
  энтропия внимания: 1 — равномерно, 0 — сосредоточено; вентили — доля открытых каналов

  потери по четвертям окна: 4.503 / 4.486 / 4.554 / 4.388   выигрыш от контекста +0.115
  log Z выходных логитов +9.51

шаг    850/1600 [==========          ]  потери  4.2338  перпл    69.0  точность  25.3%  энтропия 4.751
                                 норма∇  1.812  шаг/вес 1.7e-03  скорость 1.63e-04  407 ток/с  9.5 GFLOPS  осталось 62.8 мин
шаг    900/1600 [===========         ]  потери  3.9902  перпл    54.1  точность  28.4%  энтропия 4.567
                                 норма∇  1.779  шаг/вес 1.6e-03  скорость 1.49e-04  408 ток/с  9.5 GFLOPS  осталось 58.6 мин
шаг    950/1600 [===========         ]  потери  4.1034  перпл    60.5  точность  27.3%  энтропия 4.646
                                 норма∇  1.796  шаг/вес 1.4e-03  скорость 1.35e-04  408 ток/с  9.5 GFLOPS  осталось 54.3 мин
шаг   1000/1600 [============        ]  потери  3.9719  перпл    53.1  точность  27.8%  энтропия 4.434
                                 норма∇  1.763  шаг/вес 1.3e-03  скорость 1.22e-04  409 ток/с  9.5 GFLOPS  осталось 50.1 мин

  --- диагностика ---
  проверочные потери 4.4394  перплексия 84.7  расхождение с обучающими +0.468

  слой   норма∇    RMS остатка   внимание   вентили  
  0      0.5707    0.0571        0.926      49%
  1      0.4470    0.0809        0.860      46%
  2      0.4443    0.1080        0.669      44%
  3      0.3730    0.1596        0.615      49%
  энтропия внимания: 1 — равномерно, 0 — сосредоточено; вентили — доля открытых каналов

  потери по четвертям окна: 4.448 / 4.435 / 4.504 / 4.368   выигрыш от контекста +0.079
  log Z выходных логитов +9.60

шаг   1050/1600 [=============       ]  потери  4.0825  перпл    59.3  точность  26.8%  энтропия 4.561
                                 норма∇  1.798  шаг/вес 1.1e-03  скорость 1.09e-04  408 ток/с  9.5 GFLOPS  осталось 46.0 мин
шаг   1100/1600 [=============       ]  потери  4.0564  перпл    57.8  точность  27.3%  энтропия 4.563
                                 норма∇  1.912  шаг/вес 9.8e-04  скорость 9.62e-05  408 ток/с  9.5 GFLOPS  осталось 41.8 мин
шаг   1150/1600 [==============      ]  потери  3.8456  перпл    46.8  точность  29.0%  энтропия 4.384
                                 норма∇  1.835  шаг/вес 8.8e-04  скорость 8.46e-05  409 ток/с  9.5 GFLOPS  осталось 37.6 мин
шаг   1200/1600 [===============     ]  потери  3.9640  перпл    52.7  точность  28.6%  энтропия 4.443
                                 норма∇  1.923  шаг/вес 7.5e-04  скорость 7.38e-05  409 ток/с  9.5 GFLOPS  осталось 33.4 мин

  --- диагностика ---
  проверочные потери 4.4376  перплексия 84.6  расхождение с обучающими +0.474

  слой   норма∇    RMS остатка   внимание   вентили  
  0      0.5609    0.0555        0.913      49%
  1      0.4478    0.0766        0.844      45%
  2      0.4417    0.1026        0.657      44%
  3      0.4042    0.1544        0.613      49%
  энтропия внимания: 1 — равномерно, 0 — сосредоточено; вентили — доля открытых каналов

  потери по четвертям окна: 4.454 / 4.428 / 4.499 / 4.367   выигрыш от контекста +0.087
  log Z выходных логитов +9.76

шаг   1250/1600 [===============     ]  потери  3.9084  перпл    49.8  точность  29.4%  энтропия 4.467
                                 норма∇  1.968  шаг/вес 6.6e-04  скорость 6.40e-05  408 ток/с  9.5 GFLOPS  осталось 29.2 мин
шаг   1300/1600 [================    ]  потери  3.7549  перпл    42.7  точность  30.8%  энтропия 4.346
                                 норма∇  1.906  шаг/вес 5.7e-04  скорость 5.53e-05  409 ток/с  9.5 GFLOPS  осталось 25.1 мин
шаг   1350/1600 [================    ]  потери  3.9413  перпл    51.5  точность  28.7%  энтропия 4.444
                                 норма∇  2.039  шаг/вес 4.9e-04  скорость 4.78e-05  409 ток/с  9.5 GFLOPS  осталось 20.9 мин
шаг   1400/1600 [=================   ]  потери  3.9479  перпл    51.8  точность  27.0%  энтропия 4.544
                                 норма∇  2.107  шаг/вес 4.3e-04  скорость 4.15e-05  409 ток/с  9.5 GFLOPS  осталось 16.7 мин

  --- диагностика ---
  проверочные потери 4.4289  перплексия 83.8  расхождение с обучающими +0.481

  слой   норма∇    RMS остатка   внимание   вентили  
  0      0.5708    0.0546        0.906      49%
  1      0.4518    0.0744        0.837      45%
  2      0.4505    0.0990        0.656      45%
  3      0.3773    0.1495        0.612      50%
  энтропия внимания: 1 — равномерно, 0 — сосредоточено; вентили — доля открытых каналов

  потери по четвертям окна: 4.441 / 4.416 / 4.496 / 4.361   выигрыш от контекста +0.079
  log Z выходных логитов +9.78

шаг   1450/1600 [==================  ]  потери  3.7717  перпл    43.5  точность  31.4%  энтропия 4.378
                                 норма∇  2.008  шаг/вес 3.9e-04  скорость 3.65e-05  409 ток/с  9.5 GFLOPS  осталось 12.5 мин
шаг   1500/1600 [==================  ]  потери  3.8055  перпл    44.9  точность  30.9%  энтропия 4.407
                                 норма∇  2.061  шаг/вес 3.4e-04  скорость 3.29e-05  409 ток/с  9.5 GFLOPS  осталось 8.3 мин
шаг   1550/1600 [=================== ]  потери  3.6483  перпл    38.4  точность  32.1%  энтропия 4.294
                                 норма∇  2.211  шаг/вес 3.2e-04  скорость 3.08e-05  409 ток/с  9.5 GFLOPS  осталось 4.2 мин
шаг   1600/1600 [====================]  потери  3.9004  перпл    49.4  точность  28.6%  энтропия 4.454
                                 норма∇  2.245  шаг/вес 3.1e-04  скорость 3.00e-05  409 ток/с  9.5 GFLOPS  осталось 0 с

  --- диагностика ---
  проверочные потери 4.4277  перплексия 83.7  расхождение с обучающими +0.527

  слой   норма∇    RMS остатка   внимание   вентили  
  0      0.5542    0.0541        0.904      48%
  1      0.4595    0.0729        0.835      45%
  2      0.4545    0.0971        0.654      45%
  3      0.3945    0.1473        0.612      50%
  энтропия внимания: 1 — равномерно, 0 — сосредоточено; вентили — доля открытых каналов

  потери по четвертям окна: 4.442 / 4.418 / 4.496 / 4.353   выигрыш от контекста +0.089
  log Z выходных логитов +9.82


готово за 133.8 мин
потери: начало 8.3746 -> конец 3.9004
проверочные потери: 4.4277
чекпоинт: data/tiny_drop0.1.llmw
