модель: vocab=1024 d_model=96 layers=3 heads=4/2 head_dim=24 ffn=256 ctx=64 norm=rms/pre pos=rope ffn_kind=swiglu tied params=403104
параметров: 403104, обучаемых: 403104, из них с распадом веса: 402432
обучающих токенов: 411394, проверочных: 45711
шаг     50/1000 [=                   ]  потери  6.4087  перпл   607.1  точность   6.4%  энтропия 6.852
                                 норма∇  0.862  шаг/вес 3.4e-03  скорость 2.94e-04  4054 ток/с  9.8 GFLOPS  осталось 4.0 мин
шаг    100/1000 [==                  ]  потери  5.7894  перпл   326.8  точность  11.9%  энтропия 6.388
                                 норма∇  0.713  шаг/вес 4.0e-03  скорость 2.98e-04  3979 ток/с  9.6 GFLOPS  осталось 3.9 мин
шаг    150/1000 [===                 ]  потери  5.5274  перпл   251.5  точность  11.1%  энтропия 6.165
                                 норма∇  0.814  шаг/вес 4.5e-03  скорость 2.93e-04  3928 ток/с  9.5 GFLOPS  осталось 3.7 мин
шаг    200/1000 [====                ]  потери  5.2690  перпл   194.2  точность  11.5%  энтропия 5.962
                                 норма∇  0.813  шаг/вес 3.6e-03  скорость 2.84e-04  3954 ток/с  9.6 GFLOPS  осталось 3.5 мин

  --- диагностика ---
  проверочные потери 5.2329  перплексия 187.3  расхождение с обучающими -0.036

  слой   норма∇    RMS остатка   внимание   вентили  
  0      0.4010    0.0506        0.907      52%
  1      0.3661    0.0761        0.982      60%
  2      0.2666    0.1043        0.824      52%
  энтропия внимания: 1 — равномерно, 0 — сосредоточено; вентили — доля открытых каналов

  потери по четвертям окна: 5.236 / 5.202 / 5.253 / 5.241   выигрыш от контекста -0.005
  log Z выходных логитов +6.75

шаг    250/1000 [=====               ]  потери  4.9633  перпл   143.1  точность  14.1%  энтропия 5.781
                                 норма∇  1.053  шаг/вес 2.9e-03  скорость 2.72e-04  3904 ток/с  9.4 GFLOPS  осталось 3.3 мин
шаг    300/1000 [======              ]  потери  4.7851  перпл   119.7  точность  15.9%  энтропия 5.553
                                 норма∇  1.153  шаг/вес 2.5e-03  скорость 2.57e-04  3925 ток/с  9.5 GFLOPS  осталось 3.0 мин
шаг    350/1000 [=======             ]  потери  4.8131  перпл   123.1  точность  13.4%  энтропия 5.485
                                 норма∇  0.921  шаг/вес 2.2e-03  скорость 2.39e-04  3980 ток/с  9.6 GFLOPS  осталось 2.8 мин
шаг    400/1000 [========            ]  потери  4.6884  перпл   108.7  точность  15.0%  энтропия 5.337
                                 норма∇  0.984  шаг/вес 2.1e-03  скорость 2.20e-04  3980 ток/с  9.6 GFLOPS  осталось 2.6 мин

  --- диагностика ---
  проверочные потери 4.7301  перплексия 113.3  расхождение с обучающими +0.042

  слой   норма∇    RMS остатка   внимание   вентили  
  0      0.5692    0.0582        0.803      51%
  1      0.4221    0.0740        0.905      61%
  2      0.3735    0.0977        0.700      54%
  энтропия внимания: 1 — равномерно, 0 — сосредоточено; вентили — доля открытых каналов

  потери по четвертям окна: 4.753 / 4.693 / 4.747 / 4.727   выигрыш от контекста +0.026
  log Z выходных логитов +7.12

шаг    450/1000 [=========           ]  потери  4.7796  перпл   119.1  точность  14.8%  энтропия 5.228
                                 норма∇  1.114  шаг/вес 1.8e-03  скорость 1.99e-04  3972 ток/с  9.6 GFLOPS  осталось 2.4 мин
шаг    500/1000 [==========          ]  потери  4.6383  перпл   103.4  точность  15.4%  энтропия 5.206
                                 норма∇  1.180  шаг/вес 1.5e-03  скорость 1.77e-04  4002 ток/с  9.7 GFLOPS  осталось 2.1 мин
шаг    550/1000 [===========         ]  потери  4.5663  перпл    96.2  точность  15.7%  энтропия 5.108
                                 норма∇  1.130  шаг/вес 1.3e-03  скорость 1.55e-04  4034 ток/с  9.8 GFLOPS  осталось 1.9 мин
шаг    600/1000 [============        ]  потери  4.3645  перпл    78.6  точность  19.2%  энтропия 5.074
                                 норма∇  1.281  шаг/вес 1.2e-03  скорость 1.32e-04  4052 ток/с  9.8 GFLOPS  осталось 1.7 мин

  --- диагностика ---
  проверочные потери 4.5642  перплексия 96.0  расхождение с обучающими +0.200

  слой   норма∇    RMS остатка   внимание   вентили  
  0      0.5926    0.0592        0.744      51%
  1      0.4875    0.0713        0.860      62%
  2      0.4135    0.0948        0.657      54%
  энтропия внимания: 1 — равномерно, 0 — сосредоточено; вентили — доля открытых каналов

  потери по четвертям окна: 4.605 / 4.514 / 4.578 / 4.558   выигрыш от контекста +0.047
  log Z выходных логитов +7.29

шаг    650/1000 [=============       ]  потери  4.4791  перпл    88.2  точность  15.9%  энтропия 5.094
                                 норма∇  1.358  шаг/вес 1.0e-03  скорость 1.11e-04  4027 ток/с  9.7 GFLOPS  осталось 89 с
шаг    700/1000 [==============      ]  потери  4.4817  перпл    88.4  точность  16.0%  энтропия 4.979
                                 норма∇  1.340  шаг/вес 7.9e-04  скорость 9.17e-05  4024 ток/с  9.7 GFLOPS  осталось 76 с
шаг    750/1000 [===============     ]  потери  4.5391  перпл    93.6  точность  15.1%  энтропия 4.975
                                 норма∇  1.493  шаг/вес 6.5e-04  скорость 7.40e-05  4026 ток/с  9.7 GFLOPS  осталось 64 с
шаг    800/1000 [================    ]  потери  4.4573  перпл    86.3  точность  17.0%  энтропия 5.045
                                 норма∇  1.197  шаг/вес 5.3e-04  скорость 5.88e-05  4024 ток/с  9.7 GFLOPS  осталось 51 с

  --- диагностика ---
  проверочные потери 4.4926  перплексия 89.3  расхождение с обучающими +0.035

  слой   норма∇    RMS остатка   внимание   вентили  
  0      0.6310    0.0587        0.725      51%
  1      0.4494    0.0692        0.829      63%
  2      0.3605    0.0940        0.644      54%
  энтропия внимания: 1 — равномерно, 0 — сосредоточено; вентили — доля открытых каналов

  потери по четвертям окна: 4.528 / 4.438 / 4.512 / 4.491   выигрыш от контекста +0.037
  log Z выходных логитов +7.37

шаг    850/1000 [=================   ]  потери  4.2502  перпл    70.1  точность  21.2%  энтропия 4.980
                                 норма∇  1.386  шаг/вес 4.3e-04  скорость 4.65e-05  4003 ток/с  9.7 GFLOPS  осталось 38 с
шаг    900/1000 [==================  ]  потери  4.2952  перпл    73.3  точность  18.4%  энтропия 5.004
                                 норма∇  1.512  шаг/вес 3.2e-04  скорость 3.75e-05  4009 ток/с  9.7 GFLOPS  осталось 26 с
шаг    950/1000 [=================== ]  потери  4.3507  перпл    77.5  точность  17.5%  энтропия 4.961
                                 норма∇  1.314  шаг/вес 3.0e-04  скорость 3.19e-05  4020 ток/с  9.7 GFLOPS  осталось 13 с
шаг   1000/1000 [====================]  потери  4.2644  перпл    71.1  точность  19.5%  энтропия 4.944
                                 норма∇  1.402  шаг/вес 2.8e-04  скорость 3.00e-05  4033 ток/с  9.8 GFLOPS  осталось 0 с

  --- диагностика ---
  проверочные потери 4.4528  перплексия 85.9  расхождение с обучающими +0.188

  слой   норма∇    RMS остатка   внимание   вентили  
  0      0.5942    0.0589        0.712      51%
  1      0.4995    0.0682        0.802      63%
  2      0.4032    0.0926        0.633      54%
  энтропия внимания: 1 — равномерно, 0 — сосредоточено; вентили — доля открытых каналов

  потери по четвертям окна: 4.494 / 4.397 / 4.469 / 4.451   выигрыш от контекста +0.043
  log Z выходных логитов +7.41


готово за 4.2 мин
потери: начало 6.9549 -> конец 4.2644
проверочные потери: 4.4528
чекпоинт: data/ablation.llmw
