модель: vocab=4096 d_model=256 layers=4 heads=8/2 head_dim=32 ffn=704 ctx=128 norm=rms/pre pos=rope ffn_kind=swiglu dropout=0.2 tied params=3868928
параметров: 3868928, обучаемых: 3868928, из них с распадом веса: 3866624
обучающих токенов: 307626, проверочных: 34181
шаг     50/1600 [                    ]  потери  6.8583  перпл   951.7  точность  13.5%  энтропия 8.061
                                 норма∇  1.663  шаг/вес 2.8e-03  скорость 1.85e-04  414 ток/с  9.6 GFLOPS  осталось 2.1 ч
шаг    100/1600 [=                   ]  потери  5.6095  перпл   273.0  точность  18.0%  энтропия 6.514
                                 норма∇  1.026  шаг/вес 4.2e-03  скорость 3.00e-04  421 ток/с  9.8 GFLOPS  осталось 2.0 ч
шаг    150/1600 [=                   ]  потери  5.2053  перпл   182.2  точность  18.5%  энтропия 5.656
                                 норма∇  1.133  шаг/вес 3.4e-03  скорость 2.99e-04  424 ток/с  9.8 GFLOPS  осталось 1.9 ч
шаг    200/1600 [==                  ]  потери  5.1284  перпл   168.7  точность  17.9%  энтропия 5.557
                                 норма∇  1.075  шаг/вес 3.2e-03  скорость 2.96e-04  424 ток/с  9.9 GFLOPS  осталось 1.9 ч

  --- диагностика ---
  проверочные потери 5.0257  перплексия 152.3  расхождение с обучающими -0.103

  слой   норма∇    RMS остатка   внимание   вентили  
  0      0.6375    0.0726        0.971      51%
  1      0.3915    0.1305        0.974      50%
  2      0.3147    0.1867        0.691      48%
  3      0.2987    0.2504        0.712      46%
  энтропия внимания: 1 — равномерно, 0 — сосредоточено; вентили — доля открытых каналов

  потери по четвертям окна: 5.045 / 5.009 / 5.090 / 4.957   выигрыш от контекста +0.088
  log Z выходных логитов +8.57

шаг    250/1600 [===                 ]  потери  4.8163  перпл   123.5  точность  19.9%  энтропия 5.320
                                 норма∇  1.045  шаг/вес 3.2e-03  скорость 2.92e-04  419 ток/с  9.7 GFLOPS  осталось 1.8 ч
шаг    300/1600 [===                 ]  потери  4.7417  перпл   114.6  точность  21.0%  энтропия 5.110
                                 норма∇  1.114  шаг/вес 3.1e-03  скорость 2.87e-04  421 ток/с  9.8 GFLOPS  осталось 1.8 ч
шаг    350/1600 [====                ]  потери  4.5993  перпл    99.4  точность  23.6%  энтропия 5.030
                                 норма∇  1.203  шаг/вес 2.9e-03  скорость 2.80e-04  422 ток/с  9.8 GFLOPS  осталось 1.7 ч
шаг    400/1600 [=====               ]  потери  4.5606  перпл    95.6  точность  21.9%  энтропия 4.945
                                 норма∇  1.293  шаг/вес 2.8e-03  скорость 2.72e-04  423 ток/с  9.8 GFLOPS  осталось 1.6 ч

  --- диагностика ---
  проверочные потери 4.7259  перплексия 112.8  расхождение с обучающими +0.165

  слой   норма∇    RMS остатка   внимание   вентили  
  0      0.5561    0.0666        0.959      50%
  1      0.4084    0.1061        0.936      47%
  2      0.4719    0.1509        0.645      46%
  3      0.3388    0.2089        0.638      45%
  энтропия внимания: 1 — равномерно, 0 — сосредоточено; вентили — доля открытых каналов

  потери по четвертям окна: 4.729 / 4.729 / 4.793 / 4.651   выигрыш от контекста +0.078
  log Z выходных логитов +9.06

шаг    450/1600 [=====               ]  потери  4.5782  перпл    97.3  точность  21.3%  энтропия 5.057
                                 норма∇  1.260  шаг/вес 2.7e-03  скорость 2.63e-04  421 ток/с  9.8 GFLOPS  осталось 1.6 ч
шаг    500/1600 [======              ]  потери  4.4196  перпл    83.1  точность  24.0%  энтропия 4.778
                                 норма∇  1.316  шаг/вес 2.6e-03  скорость 2.53e-04  422 ток/с  9.8 GFLOPS  осталось 89.0 мин
