модель: vocab=4096 d_model=256 layers=4 heads=8/2 head_dim=32 ffn=704 ctx=128 norm=rms/pre pos=rope ffn_kind=swiglu tied params=3868928
параметров: 3868928, обучаемых: 3868928, из них с распадом веса: 3866624
обучающих токенов: 307626, проверочных: 34181
шаг     50/1600 [                    ]  потери  6.7829  перпл   882.6  точность  11.9%  энтропия 8.029
                                 норма∇  1.650  шаг/вес 3.0e-03  скорость 1.85e-04  407 ток/с  9.4 GFLOPS  осталось 2.2 ч
шаг    100/1600 [=                   ]  потери  5.7539  перпл   315.4  точность  15.7%  энтропия 6.232
                                 норма∇  0.830  шаг/вес 4.4e-03  скорость 3.00e-04  410 ток/с  9.5 GFLOPS  осталось 2.1 ч
шаг    150/1600 [=                   ]  потери  5.1867  перпл   178.9  точность  19.2%  энтропия 5.702
                                 норма∇  1.179  шаг/вес 3.5e-03  скорость 2.99e-04  413 ток/с  9.6 GFLOPS  осталось 2.0 ч
шаг    200/1600 [==                  ]  потери  5.1961  перпл   180.6  точность  17.6%  энтропия 5.515
                                 норма∇  1.254  шаг/вес 3.2e-03  скорость 2.96e-04  414 ток/с  9.6 GFLOPS  осталось 1.9 ч

  --- диагностика ---
  проверочные потери 4.9981  перплексия 148.1  расхождение с обучающими -0.198

  слой   норма∇    RMS остатка   внимание   вентили  
  0      0.5880    0.0676        0.948      51%
  1      0.4282    0.1154        0.902      52%
  2      0.3508    0.1541        0.866      51%
  3      0.3957    0.1867        0.650      48%
  энтропия внимания: 1 — равномерно, 0 — сосредоточено; вентили — доля открытых каналов

  потери по четвертям окна: 5.015 / 4.983 / 5.058 / 4.935   выигрыш от контекста +0.080
  log Z выходных логитов +8.51

шаг    250/1600 [===                 ]  потери  4.7863  перпл   119.9  точность  20.3%  энтропия 5.262
                                 норма∇  1.114  шаг/вес 3.0e-03  скорость 2.92e-04  409 ток/с  9.5 GFLOPS  осталось 1.9 ч
шаг    300/1600 [===                 ]  потери  4.7541  перпл   116.1  точность  21.6%  энтропия 5.242
                                 норма∇  1.274  шаг/вес 3.0e-03  скорость 2.87e-04  410 ток/с  9.5 GFLOPS  осталось 1.8 ч
шаг    350/1600 [====                ]  потери  4.6437  перпл   103.9  точность  20.7%  энтропия 5.148
                                 норма∇  1.305  шаг/вес 2.8e-03  скорость 2.80e-04  411 ток/с  9.5 GFLOPS  осталось 1.7 ч
шаг    400/1600 [=====               ]  потери  4.4241  перпл    83.4  точность  24.2%  энтропия 4.896
                                 норма∇  1.437  шаг/вес 2.7e-03  скорость 2.72e-04  412 ток/с  9.6 GFLOPS  осталось 1.7 ч

  --- диагностика ---
  проверочные потери 4.6877  перплексия 108.6  расхождение с обучающими +0.264

  слой   норма∇    RMS остатка   внимание   вентили  
  0      0.5468    0.0636        0.926      50%
  1      0.4297    0.0966        0.901      50%
  2      0.4016    0.1204        0.787      49%
  3      0.4360    0.1561        0.614      49%
  энтропия внимания: 1 — равномерно, 0 — сосредоточено; вентили — доля открытых каналов

  потери по четвертям окна: 4.711 / 4.667 / 4.760 / 4.609   выигрыш от контекста +0.102
  log Z выходных логитов +8.87

шаг    450/1600 [=====               ]  потери  4.4154  перпл    82.7  точность  25.0%  энтропия 4.988
                                 норма∇  1.634  шаг/вес 2.7e-03  скорость 2.63e-04  409 ток/с  9.5 GFLOPS  осталось 1.6 ч
шаг    500/1600 [======              ]  потери  4.3895  перпл    80.6  точность  24.2%  энтропия 4.867
                                 норма∇  1.511  шаг/вес 2.5e-03  скорость 2.53e-04  410 ток/с  9.5 GFLOPS  осталось 1.5 ч
шаг    550/1600 [======              ]  потери  4.2598  перпл    70.8  точность  24.8%  энтропия 4.791
                                 норма∇  1.584  шаг/вес 2.4e-03  скорость 2.42e-04  410 ток/с  9.5 GFLOPS  осталось 87.4 мин
шаг    600/1600 [=======             ]  потери  4.2682  перпл    71.4  точность  26.6%  энтропия 4.707
                                 норма∇  1.862  шаг/вес 2.3e-03  скорость 2.30e-04  410 ток/с  9.5 GFLOPS  осталось 83.2 мин

  --- диагностика ---
  проверочные потери 4.5437  перплексия 94.0  расхождение с обучающими +0.276

  слой   норма∇    RMS остатка   внимание   вентили  
  0      0.5630    0.0632        0.902      49%
  1      0.4391    0.0923        0.866      49%
  2      0.4308    0.1136        0.753      47%
  3      0.4277    0.1548        0.600      49%
  энтропия внимания: 1 — равномерно, 0 — сосредоточено; вентили — доля открытых каналов

  потери по четвертям окна: 4.558 / 4.551 / 4.599 / 4.464   выигрыш от контекста +0.094
  log Z выходных логитов +9.18

шаг    650/1600 [========            ]  потери  4.1534  перпл    63.7  точность  26.0%  энтропия 4.706
                                 норма∇  1.850  шаг/вес 2.2e-03  скорость 2.17e-04  409 ток/с  9.5 GFLOPS  осталось 79.4 мин
шаг    700/1600 [========            ]  потери  4.1195  перпл    61.5  точность  26.5%  энтропия 4.708
                                 норма∇  1.774  шаг/вес 2.1e-03  скорость 2.04e-04  409 ток/с  9.5 GFLOPS  осталось 75.1 мин
шаг    750/1600 [=========           ]  потери  4.0641  перпл    58.2  точность  28.4%  энтропия 4.444
                                 норма∇  1.721  шаг/вес 2.0e-03  скорость 1.90e-04  410 ток/с  9.5 GFLOPS  осталось 70.8 мин
шаг    800/1600 [==========          ]  потери  3.9531  перпл    52.1  точность  28.1%  энтропия 4.371
                                 норма∇  1.995  шаг/вес 1.8e-03  скорость 1.77e-04  410 ток/с  9.5 GFLOPS  осталось 66.7 мин

  --- диагностика ---
  проверочные потери 4.4854  перплексия 88.7  расхождение с обучающими +0.532

  слой   норма∇    RMS остатка   внимание   вентили  
  0      0.5436    0.0610        0.877      49%
  1      0.4401    0.0860        0.844      48%
  2      0.4488    0.1053        0.739      47%
  3      0.4325    0.1460        0.572      50%
  энтропия внимания: 1 — равномерно, 0 — сосредоточено; вентили — доля открытых каналов

  потери по четвертям окна: 4.502 / 4.492 / 4.551 / 4.394   выигрыш от контекста +0.108
  log Z выходных логитов +9.43

шаг    850/1600 [==========          ]  потери  4.1147  перпл    61.2  точность  26.7%  энтропия 4.674
                                 норма∇  2.220  шаг/вес 1.6e-03  скорость 1.63e-04  408 ток/с  9.5 GFLOPS  осталось 62.7 мин
шаг    900/1600 [===========         ]  потери  3.8561  перпл    47.3  точность  32.1%  энтропия 4.478
                                 норма∇  2.044  шаг/вес 1.5e-03  скорость 1.49e-04  409 ток/с  9.5 GFLOPS  осталось 58.4 мин
шаг    950/1600 [===========         ]  потери  3.9379  перпл    51.3  точность  30.1%  энтропия 4.544
                                 норма∇  2.200  шаг/вес 1.4e-03  скорость 1.35e-04  409 ток/с  9.5 GFLOPS  осталось 54.2 мин
шаг   1000/1600 [============        ]  потери  3.8343  перпл    46.3  точность  30.3%  энтропия 4.362
                                 норма∇  2.150  шаг/вес 1.2e-03  скорость 1.22e-04  409 ток/с  9.5 GFLOPS  осталось 50.0 мин

  --- диагностика ---
  проверочные потери 4.4324  перплексия 84.1  расхождение с обучающими +0.598

  слой   норма∇    RMS остатка   внимание   вентили  
  0      0.5776    0.0588        0.865      49%
  1      0.4649    0.0812        0.813      48%
  2      0.4428    0.0991        0.701      47%
  3      0.3761    0.1389        0.565      50%
  энтропия внимания: 1 — равномерно, 0 — сосредоточено; вентили — доля открытых каналов

  потери по четвертям окна: 4.441 / 4.437 / 4.499 / 4.351   выигрыш от контекста +0.090
  log Z выходных логитов +9.51

шаг   1050/1600 [=============       ]  потери  3.9095  перпл    49.9  точность  30.5%  энтропия 4.447
                                 норма∇  2.150  шаг/вес 1.1e-03  скорость 1.09e-04  409 ток/с  9.5 GFLOPS  осталось 45.9 мин
шаг   1100/1600 [=============       ]  потери  3.8798  перпл    48.4  точность  30.1%  энтропия 4.495
                                 норма∇  2.317  шаг/вес 9.7e-04  скорость 9.62e-05  409 ток/с  9.5 GFLOPS  осталось 41.7 мин
шаг   1150/1600 [==============      ]  потери  3.6665  перпл    39.1  точность  32.2%  энтропия 4.249
                                 норма∇  2.347  шаг/вес 8.6e-04  скорость 8.46e-05  410 ток/с  9.5 GFLOPS  осталось 37.5 мин
шаг   1200/1600 [===============     ]  потери  3.7759  перпл    43.6  точность  31.6%  энтропия 4.322
                                 норма∇  2.471  шаг/вес 7.5e-04  скорость 7.38e-05  410 ток/с  9.5 GFLOPS  осталось 33.3 мин

  --- диагностика ---
  проверочные потери 4.4498  перплексия 85.6  расхождение с обучающими +0.674

  слой   норма∇    RMS остатка   внимание   вентили  
  0      0.5458    0.0573        0.848      49%
  1      0.4546    0.0774        0.802      48%
  2      0.4611    0.0938        0.701      47%
  3      0.4285    0.1350        0.564      51%
  энтропия внимания: 1 — равномерно, 0 — сосредоточено; вентили — доля открытых каналов

  потери по четвертям окна: 4.459 / 4.457 / 4.517 / 4.363   выигрыш от контекста +0.096
  log Z выходных логитов +9.66

шаг   1250/1600 [===============     ]  потери  3.7071  перпл    40.7  точность  33.1%  энтропия 4.362
                                 норма∇  2.457  шаг/вес 6.6e-04  скорость 6.40e-05  410 ток/с  9.5 GFLOPS  осталось 29.2 мин
шаг   1300/1600 [================    ]  потери  3.5286  перпл    34.1  точность  36.1%  энтропия 4.228
                                 норма∇  2.296  шаг/вес 5.6e-04  скорость 5.53e-05  410 ток/с  9.5 GFLOPS  осталось 25.0 мин
шаг   1350/1600 [================    ]  потери  3.7171  перпл    41.1  точность  32.1%  энтропия 4.352
                                 норма∇  2.645  шаг/вес 4.9e-04  скорость 4.78e-05  411 ток/с  9.5 GFLOPS  осталось 20.8 мин
шаг   1400/1600 [=================   ]  потери  3.6864  перпл    39.9  точность  32.1%  энтропия 4.432
                                 норма∇  2.642  шаг/вес 4.3e-04  скорость 4.15e-05  411 ток/с  9.5 GFLOPS  осталось 16.6 мин

  --- диагностика ---
  проверочные потери 4.4729  перплексия 87.6  расхождение с обучающими +0.787

  слой   норма∇    RMS остатка   внимание   вентили  
  0      0.5724    0.0567        0.838      49%
  1      0.4702    0.0753        0.785      48%
  2      0.4594    0.0905        0.696      48%
  3      0.3772    0.1308        0.556      51%
  энтропия внимания: 1 — равномерно, 0 — сосредоточено; вентили — доля открытых каналов

  потери по четвертям окна: 4.482 / 4.466 / 4.546 / 4.396   выигрыш от контекста +0.086
  log Z выходных логитов +9.71

шаг   1450/1600 [==================  ]  потери  3.5246  перпл    33.9  точность  35.7%  энтропия 4.290
                                 норма∇  2.656  шаг/вес 3.8e-04  скорость 3.65e-05  410 ток/с  9.5 GFLOPS  осталось 12.5 мин
шаг   1500/1600 [==================  ]  потери  3.5597  перпл    35.2  точность  35.8%  энтропия 4.281
                                 норма∇  2.630  шаг/вес 3.4e-04  скорость 3.29e-05  411 ток/с  9.5 GFLOPS  осталось 8.3 мин
шаг   1550/1600 [=================== ]  потери  3.4038  перпл    30.1  точность  37.6%  энтропия 4.167
                                 норма∇  2.596  шаг/вес 3.1e-04  скорость 3.08e-05  411 ток/с  9.5 GFLOPS  осталось 4.2 мин
шаг   1600/1600 [====================]  потери  3.6929  перпл    40.2  точность  32.6%  энтропия 4.305
                                 норма∇  2.925  шаг/вес 3.1e-04  скорость 3.00e-05  411 ток/с  9.5 GFLOPS  осталось 0 с

  --- диагностика ---
  проверочные потери 4.4935  перплексия 89.4  расхождение с обучающими +0.801

  слой   норма∇    RMS остатка   внимание   вентили  
  0      0.5777    0.0560        0.833      49%
  1      0.4734    0.0739        0.780      48%
  2      0.4548    0.0887        0.693      48%
  3      0.3619    0.1293        0.544      51%
  энтропия внимания: 1 — равномерно, 0 — сосредоточено; вентили — доля открытых каналов

  потери по четвертям окна: 4.504 / 4.490 / 4.570 / 4.408   выигрыш от контекста +0.096
  log Z выходных логитов +9.78


готово за 133.2 мин
потери: начало 8.3761 -> конец 3.6929
проверочные потери: 4.4935
ЛУЧШЕЕ БЫЛО РАНЬШЕ: 4.4324 на шаге 1000 из 1600, дальше только хуже
  разница с концом прогона: +0.0610
  сохранён именно лучший
чекпоинт: data/tiny.llmw
