модель: vocab=4096 d_model=256 layers=4 heads=8/2 head_dim=32 ffn=704 ctx=128 norm=rms/pre pos=rope ffn_kind=swiglu tied params=3868928
параметров: 3868928, обучаемых: 3868928, из них с распадом веса: 3866624
обучающих токенов: 307626, проверочных: 34181
шаг     50/3000 [                    ]  потери  7.2002  перпл  1339.7  точность  12.7%  энтропия 8.191
                                 норма∇  1.835  шаг/вес 1.7e-03  скорость 9.93e-05  416 ток/с  9.6 GFLOPS  осталось 4.0 ч
шаг    100/3000 [                    ]  потери  6.1402  перпл   464.1  точность  14.7%  энтропия 7.211
                                 норма∇  0.966  шаг/вес 3.1e-03  скорость 1.99e-04  422 ток/с  9.8 GFLOPS  осталось 3.9 ч
шаг    150/3000 [=                   ]  потери  5.3963  перпл   220.6  точность  18.4%  энтропия 6.141
                                 норма∇  1.458  шаг/вес 3.8e-03  скорость 2.98e-04  426 ток/с  9.9 GFLOPS  осталось 3.8 ч
шаг    200/3000 [=                   ]  потери  5.3037  перпл   201.1  точность  17.1%  энтропия 5.707
                                 норма∇  1.221  шаг/вес 3.3e-03  скорость 3.00e-04  423 ток/с  9.8 GFLOPS  осталось 3.8 ч

  --- диагностика ---
  проверочные потери 5.1020  перплексия 164.3  расхождение с обучающими -0.202

  слой   норма∇    RMS остатка   внимание   вентили  
  0      0.6019    0.0555        0.962      52%
  1      0.4631    0.1007        0.913      54%
  2      0.3472    0.1477        0.848      53%
  3      0.3207    0.1850        0.720      49%
  энтропия внимания: 1 — равномерно, 0 — сосредоточено; вентили — доля открытых каналов

  потери по четвертям окна: 5.118 / 5.086 / 5.160 / 5.042   выигрыш от контекста +0.076
  log Z выходных логитов +8.38

шаг    250/3000 [=                   ]  потери  4.8634  перпл   129.5  точность  19.6%  энтропия 5.375
                                 норма∇  1.094  шаг/вес 3.1e-03  скорость 2.99e-04  416 ток/с  9.7 GFLOPS  осталось 3.8 ч
шаг    300/3000 [==                  ]  потери  4.8206  перпл   124.0  точность  20.8%  энтропия 5.262
                                 норма∇  1.267  шаг/вес 3.1e-03  скорость 2.98e-04  404 ток/с  9.4 GFLOPS  осталось 3.8 ч
шаг    350/3000 [==                  ]  потери  4.6921  перпл   109.1  точность  20.7%  энтропия 5.289
                                 норма∇  1.384  шаг/вес 3.0e-03  скорость 2.97e-04  407 ток/с  9.4 GFLOPS  осталось 3.7 ч
шаг    400/3000 [==                  ]  потери  4.4582  перпл    86.3  точность  23.3%  энтропия 4.958
                                 норма∇  1.476  шаг/вес 3.0e-03  скорость 2.95e-04  407 ток/с  9.4 GFLOPS  осталось 3.6 ч

  --- диагностика ---
  проверочные потери 4.6997  перплексия 109.9  расхождение с обучающими +0.241

  слой   норма∇    RMS остатка   внимание   вентили  
  0      0.5397    0.0580        0.941      50%
  1      0.4436    0.0899        0.875      50%
  2      0.4118    0.1182        0.794      50%
  3      0.4307    0.1545        0.656      49%
  энтропия внимания: 1 — равномерно, 0 — сосредоточено; вентили — доля открытых каналов

  потери по четвертям окна: 4.725 / 4.674 / 4.772 / 4.625   выигрыш от контекста +0.100
  log Z выходных логитов +8.86

шаг    450/3000 [===                 ]  потери  4.4318  перпл    84.1  точность  25.0%  энтропия 4.973
                                 норма∇  1.613  шаг/вес 3.0e-03  скорость 2.93e-04  406 ток/с  9.4 GFLOPS  осталось 3.6 ч
шаг    500/3000 [===                 ]  потери  4.4154  перпл    82.7  точность  23.5%  энтропия 4.827
                                 норма∇  1.651  шаг/вес 2.8e-03  скорость 2.90e-04  409 ток/с  9.5 GFLOPS  осталось 3.5 ч
шаг    550/3000 [===                 ]  потери  4.2879  перпл    72.8  точность  24.2%  энтропия 4.864
                                 норма∇  1.912  шаг/вес 2.7e-03  скорость 2.87e-04  411 ток/с  9.5 GFLOPS  осталось 3.4 ч
шаг    600/3000 [====                ]  потери  4.2888  перпл    72.9  точность  25.8%  энтропия 4.712
                                 норма∇  1.782  шаг/вес 2.8e-03  скорость 2.84e-04  413 ток/с  9.6 GFLOPS  осталось 3.3 ч

  --- диагностика ---
  проверочные потери 4.5446  перплексия 94.1  расхождение с обучающими +0.256

  слой   норма∇    RMS остатка   внимание   вентили  
  0      0.5704    0.0595        0.926      49%
  1      0.4664    0.0902        0.846      49%
  2      0.4256    0.1159        0.765      48%
  3      0.3850    0.1571        0.629      48%
  энтропия внимания: 1 — равномерно, 0 — сосредоточено; вентили — доля открытых каналов

  потери по четвертям окна: 4.553 / 4.555 / 4.603 / 4.466   выигрыш от контекста +0.087
  log Z выходных логитов +9.18

шаг    650/3000 [====                ]  потери  4.1776  перпл    65.2  точность  25.6%  энтропия 4.735
                                 норма∇  1.875  шаг/вес 2.8e-03  скорость 2.80e-04  412 ток/с  9.6 GFLOPS  осталось 3.2 ч
шаг    700/3000 [====                ]  потери  4.1017  перпл    60.4  точность  27.4%  энтропия 4.665
                                 норма∇  1.704  шаг/вес 2.8e-03  скорость 2.76e-04  413 ток/с  9.6 GFLOPS  осталось 3.2 ч
шаг    750/3000 [=====               ]  потери  4.0887  перпл    59.7  точность  27.3%  энтропия 4.414
                                 норма∇  1.773  шаг/вес 2.7e-03  скорость 2.72e-04  413 ток/с  9.6 GFLOPS  осталось 3.1 ч
шаг    800/3000 [=====               ]  потери  3.9449  перпл    51.7  точность  28.1%  энтропия 4.317
                                 норма∇  1.897  шаг/вес 2.7e-03  скорость 2.67e-04  414 ток/с  9.6 GFLOPS  осталось 3.0 ч

  --- диагностика ---
  проверочные потери 4.4676  перплексия 87.1  расхождение с обучающими +0.523

  слой   норма∇    RMS остатка   внимание   вентили  
  0      0.5529    0.0610        0.904      49%
  1      0.4559    0.0897        0.809      48%
  2      0.4543    0.1138        0.723      47%
  3      0.3887    0.1570        0.627      49%
  энтропия внимания: 1 — равномерно, 0 — сосредоточено; вентили — доля открытых каналов

  потери по четвертям окна: 4.482 / 4.478 / 4.535 / 4.373   выигрыш от контекста +0.108
  log Z выходных логитов +9.49

шаг    850/3000 [=====               ]  потери  4.1274  перпл    62.0  точность  25.8%  энтропия 4.645
                                 норма∇  1.939  шаг/вес 2.6e-03  скорость 2.62e-04  413 ток/с  9.6 GFLOPS  осталось 3.0 ч
шаг    900/3000 [======              ]  потери  3.8073  перпл    45.0  точность  31.9%  энтропия 4.358
                                 норма∇  1.989  шаг/вес 2.6e-03  скорость 2.57e-04  414 ток/с  9.6 GFLOPS  осталось 2.9 ч
шаг    950/3000 [======              ]  потери  3.8944  перпл    49.1  точность  29.8%  энтропия 4.394
                                 норма∇  2.050  шаг/вес 2.5e-03  скорость 2.51e-04  414 ток/с  9.6 GFLOPS  осталось 2.8 ч
шаг   1000/3000 [======              ]  потери  3.8017  перпл    44.8  точность  30.0%  энтропия 4.263
                                 норма∇  2.049  шаг/вес 2.4e-03  скорость 2.45e-04  415 ток/с  9.6 GFLOPS  осталось 2.7 ч

  --- диагностика ---
  проверочные потери 4.4092  перплексия 82.2  расхождение с обучающими +0.607

  слой   норма∇    RMS остатка   внимание   вентили  
  0      0.5754    0.0613        0.880      49%
  1      0.4596    0.0882        0.773      47%
  2      0.4583    0.1127        0.696      47%
  3      0.3670    0.1575        0.605      49%
  энтропия внимания: 1 — равномерно, 0 — сосредоточено; вентили — доля открытых каналов

  потери по четвертям окна: 4.431 / 4.420 / 4.465 / 4.317   выигрыш от контекста +0.114
  log Z выходных логитов +9.62

шаг   1050/3000 [=======             ]  потери  3.8615  перпл    47.5  точность  30.4%  энтропия 4.378
                                 норма∇  2.141  шаг/вес 2.4e-03  скорость 2.39e-04  415 ток/с  9.6 GFLOPS  осталось 2.7 ч
шаг   1100/3000 [=======             ]  потери  3.7883  перпл    44.2  точность  30.7%  энтропия 4.298
                                 норма∇  2.270  шаг/вес 2.2e-03  скорость 2.33e-04  415 ток/с  9.6 GFLOPS  осталось 2.6 ч
шаг   1150/3000 [=======             ]  потери  3.5596  перпл    35.1  точность  33.3%  энтропия 4.129
                                 норма∇  2.238  шаг/вес 2.2e-03  скорость 2.26e-04  416 ток/с  9.7 GFLOPS  осталось 2.5 ч
шаг   1200/3000 [========            ]  потери  3.6781  перпл    39.6  точность  32.4%  энтропия 4.151
                                 норма∇  2.551  шаг/вес 2.2e-03  скорость 2.19e-04  417 ток/с  9.7 GFLOPS  осталось 2.5 ч

  --- диагностика ---
  проверочные потери 4.4450  перплексия 85.2  расхождение с обучающими +0.767

  слой   норма∇    RMS остатка   внимание   вентили  
  0      0.5406    0.0612        0.852      49%
  1      0.4653    0.0877        0.738      47%
  2      0.4734    0.1105        0.668      47%
  3      0.4206    0.1583        0.593      49%
  энтропия внимания: 1 — равномерно, 0 — сосредоточено; вентили — доля открытых каналов

  потери по четвертям окна: 4.455 / 4.447 / 4.511 / 4.365   выигрыш от контекста +0.090
  log Z выходных логитов +9.84

шаг   1250/3000 [========            ]  потери  3.5701  перпл    35.5  точность  35.1%  энтропия 4.175
                                 норма∇  2.523  шаг/вес 2.1e-03  скорость 2.13e-04  416 ток/с  9.7 GFLOPS  осталось 2.4 ч
шаг   1300/3000 [========            ]  потери  3.3558  перпл    28.7  точность  38.1%  энтропия 4.043
                                 норма∇  2.486  шаг/вес 2.0e-03  скорость 2.06e-04  417 ток/с  9.7 GFLOPS  осталось 2.3 ч
шаг   1350/3000 [=========           ]  потери  3.5309  перпл    34.2  точность  34.8%  энтропия 4.128
                                 норма∇  2.708  шаг/вес 1.9e-03  скорость 1.98e-04  418 ток/с  9.7 GFLOPS  осталось 2.2 ч
шаг   1400/3000 [=========           ]  потери  3.4654  перпл    32.0  точность  34.8%  энтропия 4.112
                                 норма∇  2.797  шаг/вес 1.9e-03  скорость 1.91e-04  418 ток/с  9.7 GFLOPS  осталось 2.2 ч

  --- диагностика ---
  проверочные потери 4.4436  перплексия 85.1  расхождение с обучающими +0.978

  слой   норма∇    RMS остатка   внимание   вентили  
  0      0.5666    0.0614        0.819      48%
  1      0.4908    0.0856        0.716      46%
  2      0.4858    0.1076        0.658      47%
  3      0.3337    0.1556        0.588      50%
  энтропия внимания: 1 — равномерно, 0 — сосредоточено; вентили — доля открытых каналов

  потери по четвертям окна: 4.463 / 4.429 / 4.508 / 4.372   выигрыш от контекста +0.091
  log Z выходных логитов +9.95

шаг   1450/3000 [=========           ]  потери  3.2900  перпл    26.8  точность  39.3%  энтропия 4.022
                                 норма∇  2.810  шаг/вес 1.8e-03  скорость 1.84e-04  418 ток/с  9.7 GFLOPS  осталось 2.1 ч
шаг   1500/3000 [==========          ]  потери  3.2728  перпл    26.4  точность  39.0%  энтропия 3.960
                                 норма∇  2.761  шаг/вес 1.7e-03  скорость 1.76e-04  418 ток/с  9.7 GFLOPS  осталось 2.0 ч
шаг   1550/3000 [==========          ]  потери  3.0944  перпл    22.1  точность  41.6%  энтропия 3.814
                                 норма∇  2.961  шаг/вес 1.6e-03  скорость 1.69e-04  417 ток/с  9.7 GFLOPS  осталось 2.0 ч
